Component: ARM Compiler 5.06 (build 20) Tool: armlink [4d35a3]

==============================================================================

Section Cross References

    main.o(i.main) refers to stm32f4_discovery.o(i.STM_EVAL_LEDInit) for STM_EVAL_LEDInit
    main.o(i.main) refers to stm32f4xx_rcc.o(i.RCC_GetClocksFreq) for RCC_GetClocksFreq
    main.o(i.main) refers to lcd.o(i.LCD_port_init) for LCD_port_init
    main.o(i.main) refers to lcd.o(i.LCD_init) for LCD_init
    main.o(i.main) refers to lcd.o(i.LCD_place_cursor) for LCD_place_cursor
    main.o(i.main) refers to lcd.o(i.LCD_write_string) for LCD_write_string
    main.o(i.main) refers to delay.o(i.delay_nms) for delay_nms
    main.o(i.main) refers to lcd.o(i.LCD_clear_display) for LCD_clear_display
    main.o(i.main) refers to stm32f4_discovery.o(i.STM_EVAL_PBInit) for STM_EVAL_PBInit
    main.o(i.main) refers to headphone.o(i.WavePlayBack) for WavePlayBack
    main.o(i.main) refers to main.o(.bss) for .bss
    stm32f4xx_it.o(i.EXTI0_IRQHandler) refers to stm32f4xx_exti.o(i.EXTI_GetITStatus) for EXTI_GetITStatus
    stm32f4xx_it.o(i.EXTI0_IRQHandler) refers to headphone.o(i.printPitch) for printPitch
    stm32f4xx_it.o(i.EXTI0_IRQHandler) refers to stm32f4xx_exti.o(i.EXTI_ClearITPendingBit) for EXTI_ClearITPendingBit
    stm32f4xx_it.o(i.EXTI1_IRQHandler) refers to stm32f4xx_exti.o(i.EXTI_GetITStatus) for EXTI_GetITStatus
    stm32f4xx_it.o(i.EXTI1_IRQHandler) refers to stm32f4_discovery.o(i.STM_EVAL_LEDToggle) for STM_EVAL_LEDToggle
    stm32f4xx_it.o(i.EXTI1_IRQHandler) refers to stm32f4xx_exti.o(i.EXTI_ClearITPendingBit) for EXTI_ClearITPendingBit
    stm32f4xx_it.o(i.SysTick_Handler) refers to delay.o(i.TimeTick_Decrement) for TimeTick_Decrement
    stm32f4xx_it.o(i.SysTick_Handler) refers to stm32f4xx_it.o(.data) for .data
    system_stm32f4xx.o(i.SystemCoreClockUpdate) refers to system_stm32f4xx.o(.data) for .data
    headphone.o(i.ADCCallback) refers to adc.o(i.initAudioIn) for initAudioIn
    headphone.o(i.ADCCallback) refers to headphone.o(.bss) for .bss
    headphone.o(i.EVAL_AUDIO_Error_CallBack) refers to stm32f4_discovery.o(i.STM_EVAL_LEDOn) for STM_EVAL_LEDOn
    headphone.o(i.EVAL_AUDIO_TransferComplete_CallBack) refers to stm32f4_discovery_audio_codec.o(i.Audio_MAL_Play) for Audio_MAL_Play
    headphone.o(i.EVAL_AUDIO_TransferComplete_CallBack) refers to headphone.o(.data) for .data
    headphone.o(i.EVAL_AUDIO_TransferComplete_CallBack) refers to headphone.o(.bss) for .bss
    headphone.o(i.WavePlayBack) refers to dywapitchtrack.o(i.dywapitch_inittracking) for dywapitch_inittracking
    headphone.o(i.WavePlayBack) refers to adc.o(i.initAudioIn) for initAudioIn
    headphone.o(i.WavePlayBack) refers to microphone.o(i.WaveRecorderBeginSampling) for WaveRecorderBeginSampling
    headphone.o(i.WavePlayBack) refers to stm32f4_discovery_audio_codec.o(i.EVAL_AUDIO_SetAudioInterface) for EVAL_AUDIO_SetAudioInterface
    headphone.o(i.WavePlayBack) refers to stm32f4_discovery_audio_codec.o(i.EVAL_AUDIO_Init) for EVAL_AUDIO_Init
    headphone.o(i.WavePlayBack) refers to headphone.o(i.fill_buffer) for fill_buffer
    headphone.o(i.WavePlayBack) refers to stm32f4_discovery_audio_codec.o(i.Audio_MAL_Play) for Audio_MAL_Play
    headphone.o(i.WavePlayBack) refers to headphone.o(.bss) for .bss
    headphone.o(i.WavePlayBack) refers to headphone.o(.data) for .data
    headphone.o(i.WavePlayerInit) refers to stm32f4_discovery_audio_codec.o(i.EVAL_AUDIO_SetAudioInterface) for EVAL_AUDIO_SetAudioInterface
    headphone.o(i.WavePlayerInit) refers to stm32f4_discovery_audio_codec.o(i.EVAL_AUDIO_Init) for EVAL_AUDIO_Init
    headphone.o(i.WavePlayerInit) refers to headphone.o(.data) for .data
    headphone.o(i.WaveRecorderCallback) refers to stm32f4_discovery.o(i.STM_EVAL_LEDOff) for STM_EVAL_LEDOff
    headphone.o(i.WaveRecorderCallback) refers to stm32f4_discovery.o(i.STM_EVAL_LEDOn) for STM_EVAL_LEDOn
    headphone.o(i.WaveRecorderCallback) refers to headphone.o(.data) for .data
    headphone.o(i.WaveRecorderCallback) refers to headphone.o(.bss) for .bss
    headphone.o(i.fill_buffer) refers to dflti.o(.text) for __aeabi_i2d
    headphone.o(i.fill_buffer) refers to dfltui.o(.text) for __aeabi_ui2d
    headphone.o(i.fill_buffer) refers to dywapitchtrack.o(i.dywapitch_computepitch) for dywapitch_computepitch
    headphone.o(i.fill_buffer) refers to ddiv.o(.text) for __aeabi_ddiv
    headphone.o(i.fill_buffer) refers to d2f.o(.text) for __aeabi_d2f
    headphone.o(i.fill_buffer) refers to psola.o(i.changePitch) for changePitch
    headphone.o(i.fill_buffer) refers to headphone.o(.bss) for .bss
    headphone.o(i.fill_buffer) refers to headphone.o(.data) for .data
    headphone.o(i.printPitch) refers to stm32f4_discovery.o(i.STM_EVAL_LEDOn) for STM_EVAL_LEDOn
    headphone.o(i.printPitch) refers to lcd.o(i.LCD_place_cursor) for LCD_place_cursor
    headphone.o(i.printPitch) refers to stm32f4_discovery.o(i.STM_EVAL_LEDOff) for STM_EVAL_LEDOff
[...]
    ..\..\Libraries\CMSIS\ST\STM32F4xx\Source\Templates\arm\startup_stm32f4xx.s 0x00000000   Number         0  startup_stm32f4xx.o ABSOLUTE
    ..\..\Libraries\STM32F4xx_StdPeriph_Driver\src\misc.c 0x00000000   Number         0  misc.o ABSOLUTE
    ..\..\Libraries\STM32F4xx_StdPeriph_Driver\src\stm32f4xx_adc.c 0x00000000   Number         0  stm32f4xx_adc.o ABSOLUTE
    ..\..\Libraries\STM32F4xx_StdPeriph_Driver\src\stm32f4xx_dac.c 0x00000000   Number         0  stm32f4xx_dac.o ABSOLUTE
    ..\..\Libraries\STM32F4xx_StdPeriph_Driver\src\stm32f4xx_dma.c 0x00000000   Number         0  stm32f4xx_dma.o ABSOLUTE
    ..\..\Libraries\STM32F4xx_StdPeriph_Driver\src\stm32f4xx_exti.c 0x00000000   Number         0  stm32f4xx_exti.o ABSOLUTE
    ..\..\Libraries\STM32F4xx_StdPeriph_Driver\src\stm32f4xx_gpio.c 0x00000000   Number         0  stm32f4xx_gpio.o ABSOLUTE
    ..\..\Libraries\STM32F4xx_StdPeriph_Driver\src\stm32f4xx_i2c.c 0x00000000   Number         0  stm32f4xx_i2c.o ABSOLUTE
    ..\..\Libraries\STM32F4xx_StdPeriph_Driver\src\stm32f4xx_rcc.c 0x00000000   Number         0  stm32f4xx_rcc.o ABSOLUTE
    ..\..\Libraries\STM32F4xx_StdPeriph_Driver\src\stm32f4xx_rng.c 0x00000000   Number         0  stm32f4xx_rng.o ABSOLUTE
    ..\..\Libraries\STM32F4xx_StdPeriph_Driver\src\stm32f4xx_spi.c 0x00000000   Number         0  stm32f4xx_spi.o ABSOLUTE
    ..\..\Libraries\STM32F4xx_StdPeriph_Driver\src\stm32f4xx_syscfg.c 0x00000000   Number         0  stm32f4xx_syscfg.o ABSOLUTE
    ..\..\Libraries\STM32F4xx_StdPeriph_Driver\src\stm32f4xx_tim.c 0x00000000   Number         0  stm32f4xx_tim.o ABSOLUTE
    ..\..\Utilities\STM32F4-Discovery\stm32f4_discovery.c 0x00000000   Number         0  stm32f4_discovery.o ABSOLUTE
    ..\..\Utilities\STM32F4-Discovery\stm32f4_discovery_audio_codec.c 0x00000000   Number         0  stm32f4_discovery_audio_codec.o ABSOLUTE
    ..\CommonTables\arm_common_tables.c      0x00000000   Number         0  arm_common_tables.o ABSOLUTE
    ..\FilteringFunctions\arm_fir_init_q15.c 0x00000000   Number         0  arm_fir_init_q15.o ABSOLUTE
    ..\TransformFunctions\arm_cfft_f32.c     0x00000000   Number         0  arm_cfft_f32.o ABSOLUTE
    ..\TransformFunctions\arm_cfft_radix8_f32.c 0x00000000   Number         0  arm_cfft_radix8_f32.o ABSOLUTE
    ..\\..\\Libraries\\CMSIS\\DSP_Lib\\Source\\TransformFunctions\\arm_rfft_fast_f32.c 0x00000000   Number         0  arm_rfft_fast_f32.o ABSOLUTE
    ..\\..\\Libraries\\CMSIS\\DSP_Lib\\Source\\TransformFunctions\\arm_rfft_fast_init_f32.c 0x00000000   Number         0  arm_rfft_fast_init_f32.o ABSOLUTE
    ..\\..\\Libraries\\STM32F4xx_StdPeriph_Driver\\src\\misc.c 0x00000000   Number         0  misc.o ABSOLUTE
    ..\\..\\Libraries\\STM32F4xx_StdPeriph_Driver\\src\\stm32f4xx_adc.c 0x00000000   Number         0  stm32f4xx_adc.o ABSOLUTE
    ..\\..\\Libraries\\STM32F4xx_StdPeriph_Driver\\src\\stm32f4xx_dac.c 0x00000000   Number         0  stm32f4xx_dac.o ABSOLUTE
    ..\\..\\Libraries\\STM32F4xx_StdPeriph_Driver\\src\\stm32f4xx_dma.c 0x00000000   Number         0  stm32f4xx_dma.o ABSOLUTE
    ..\\..\\Libraries\\STM32F4xx_StdPeriph_Driver\\src\\stm32f4xx_exti.c 0x00000000   Number         0  stm32f4xx_exti.o ABSOLUTE
    ..\\..\\Libraries\\STM32F4xx_StdPeriph_Driver\\src\\stm32f4xx_gpio.c 0x00000000   Number         0  stm32f4xx_gpio.o ABSOLUTE
    ..\\..\\Libraries\\STM32F4xx_StdPeriph_Driver\\src\\stm32f4xx_i2c.c 0x00000000   Number         0  stm32f4xx_i2c.o ABSOLUTE
    ..\\..\\Libraries\\STM32F4xx_StdPeriph_Driver\\src\\stm32f4xx_rcc.c 0x00000000   Number         0  stm32f4xx_rcc.o ABSOLUTE
    ..\\..\\Libraries\\STM32F4xx_StdPeriph_Driver\\src\\stm32f4xx_rng.c 0x00000000   Number         0  stm32f4xx_rng.o ABSOLUTE
    ..\\..\\Libraries\\STM32F4xx_StdPeriph_Driver\\src\\stm32f4xx_spi.c 0x00000000   Number         0  stm32f4xx_spi.o ABSOLUTE
    ..\\..\\Libraries\\STM32F4xx_StdPeriph_Driver\\src\\stm32f4xx_syscfg.c 0x00000000   Number         0  stm32f4xx_syscfg.o ABSOLUTE
    ..\\..\\Libraries\\STM32F4xx_StdPeriph_Driver\\src\\stm32f4xx_tim.c 0x00000000   Number         0  stm32f4xx_tim.o ABSOLUTE
    ..\\..\\Utilities\\STM32F4-Discovery\\stm32f4_discovery.c 0x00000000   Number         0  stm32f4_discovery.o ABSOLUTE
    ..\\..\\Utilities\\STM32F4-Discovery\\stm32f4_discovery_audio_codec.c 0x00000000   Number         0  stm32f4_discovery_audio_codec.o ABSOLUTE
    ..\\CommonTables\\arm_common_tables.c    0x00000000   Number         0  arm_common_tables.o ABSOLUTE
    ..\\FilteringFunctions\\arm_fir_init_q15.c 0x00000000   Number         0  arm_fir_init_q15.o ABSOLUTE
    ..\\TransformFunctions\\arm_bitreversal2.S 0x00000000   Number         0  arm_bitreversal2.o ABSOLUTE
    ..\\TransformFunctions\\arm_cfft_f32.c   0x00000000   Number         0  arm_cfft_f32.o ABSOLUTE
    ..\\TransformFunctions\\arm_cfft_radix8_f32.c 0x00000000   Number         0  arm_cfft_radix8_f32.o ABSOLUTE
    ..\\src\\LCD.c                           0x00000000   Number         0  lcd.o ABSOLUTE
    ..\\src\\delay.c                         0x00000000   Number         0  delay.o ABSOLUTE
    ..\\src\\dsp.c                           0x00000000   Number         0  dsp.o ABSOLUTE
    ..\\src\\headphone.c                     0x00000000   Number         0  headphone.o ABSOLUTE
    ..\\src\\main.c                          0x00000000   Number         0  main.o ABSOLUTE
    ..\\src\\microphone.c                    0x00000000   Number         0  microphone.o ABSOLUTE
    ..\\src\\stm32f4xx_it.c                  0x00000000   Number         0  stm32f4xx_it.o ABSOLUTE
    ..\\src\\system_stm32f4xx.c              0x00000000   Number         0  system_stm32f4xx.o ABSOLUTE
    ..\src\LCD.c                             0x00000000   Number         0  lcd.o ABSOLUTE
    ..\src\delay.c                           0x00000000   Number         0  delay.o ABSOLUTE
    ..\src\dsp.c                             0x00000000   Number         0  dsp.o ABSOLUTE
    ..\src\dywapitchtrack.c                  0x00000000   Number         0  dywapitchtrack.o ABSOLUTE
    ..\src\headphone.c                       0x00000000   Number         0  headphone.o ABSOLUTE
    ..\src\main.c                            0x00000000   Number         0  main.o ABSOLUTE
    ..\src\microphone.c                      0x00000000   Number         0  microphone.o ABSOLUTE
    ..\src\pdm_filter.c                      0x00000000   Number         0  pdm_filter.o ABSOLUTE
    ..\src\stm32f4xx_it.c                    0x00000000   Number         0  stm32f4xx_it.o ABSOLUTE
    ..\src\system_stm32f4xx.c                0x00000000   Number         0  system_stm32f4xx.o ABSOLUTE
    ADC.c                                    0x00000000   Number         0  adc.o ABSOLUTE
    ADC.c                                    0x00000000   Number         0  adc.o ABSOLUTE
    PSOLA.c                                  0x00000000   Number         0  psola.o ABSOLUTE
    PSOLA.c                                  0x00000000   Number         0  psola.o ABSOLUTE
    cdcmple.s                                0x00000000   Number         0  cdcmple.o ABSOLUTE
    cdrcmple.s                               0x00000000   Number         0  cdrcmple.o ABSOLUTE
    dc.s                                     0x00000000   Number         0  dc.o ABSOLUTE
    handlers.s                               0x00000000   Number         0  handlers.o ABSOLUTE
    init.s                                   0x00000000   Number         0  init.o ABSOLUTE
    RESET                                    0x08000000   Section      392  startup_stm32f4xx.o(RESET)
    .ARM.Collect$$$$00000000                 0x08000188   Section        0  entry.o(.ARM.Collect$$$$00000000)
    .ARM.Collect$$$$00000001                 0x08000188   Section        4  entry2.o(.ARM.Collect$$$$00000001)
    .ARM.Collect$$$$00000004                 0x0800018c   Section        4  entry5.o(.ARM.Collect$$$$00000004)
    .ARM.Collect$$$$00000008                 0x08000190   Section        0  entry7b.o(.ARM.Collect$$$$00000008)
    .ARM.Collect$$$$0000000A                 0x08000190   Section        0  entry8b.o(.ARM.Collect$$$$0000000A)
    .ARM.Collect$$$$0000000B                 0x08000190   Section        8  entry9a.o(.ARM.Collect$$$$0000000B)
    .ARM.Collect$$$$0000000D                 0x08000198   Section        0  entry10a.o(.ARM.Collect$$$$0000000D)
    .ARM.Collect$$$$0000000F                 0x08000198   Section        0  entry11a.o(.ARM.Collect$$$$0000000F)
    .ARM.Collect$$$$00002712                 0x08000198   Section        4  entry2.o(.ARM.Collect$$$$00002712)
    __lit__00000000                          0x08000198   Data           4  entry2.o(.ARM.Collect$$$$00002712)
    .text                                    0x0800019c   Section       36  startup_stm32f4xx.o(.text)
    $v0                                      0x0800019c   Number         0  startup_stm32f4xx.o(.text)
    .text                                    0x080001c0   Section        0  pdm_filter.o(.text)
    .text                                    0x08000dbc   Section        0  memseta.o(.text)
    .text                                    0x08000de0   Section        0  strlen.o(.text)
    .text                                    0x08000dee   Section        0  fscalb.o(.text)
    .text                                    0x08000e06   Section        0  dadd.o(.text)
    .text                                    0x08000f54   Section        0  dmul.o(.text)
    .text                                    0x08001038   Section        0  ddiv.o(.text)
    .text                                    0x08001116   Section        0  dflti.o(.text)
    .text                                    0x08001138   Section        0  dfltui.o(.text)
    .text                                    0x08001152   Section        0  dfixi.o(.text)
    .text                                    0x08001190   Section        0  dfixui.o(.text)
    .text                                    0x080011c2   Section        0  f2d.o(.text)
    .text                                    0x080011e8   Section       48  cdcmple.o(.text)
    .text                                    0x08001218   Section       48  cdrcmple.o(.text)
    .text                                    0x08001248   Section        0  d2f.o(.text)
    .text                                    0x08001280   Section        0  uidiv.o(.text)
    .text                                    0x080012ac   Section        0  uldiv.o(.text)
    .text                                    0x0800130e   Section        0  llshl.o(.text)
    .text                                    0x0800132c   Section        0  llushr.o(.text)
    .text                                    0x0800134c   Section        0  llsshr.o(.text)
    .text                                    0x08001370   Section        0  fepilogue.o(.text)
    .text                                    0x08001370   Section        0  iusefp.o(.text)
    .text                                    0x080013de   Section        0  depilogue.o(.text)
    .text                                    0x08001498   Section        0  drnd.o(.text)
    .text                                    0x08001520   Section        0  dfixul.o(.text)
    .text                                    0x08001550   Section       36  init.o(.text)
    .text                                    0x08001574   Section        0  __dczerorl2.o(.text)
    i.ADCCallback                            0x080015cc   Section        0  headphone.o(i.ADCCallback)
    i.ADC_Cmd                                0x080015dc   Section        0  stm32f4xx_adc.o(i.ADC_Cmd)
    i.ADC_CommonInit                         0x080015f0   Section        0  stm32f4xx_adc.o(i.ADC_CommonInit)
    i.ADC_DMACmd                             0x0800161c   Section        0  stm32f4xx_adc.o(i.ADC_DMACmd)
    i.ADC_DMARequestAfterLastTransferCmd     0x0800162e   Section        0  stm32f4xx_adc.o(i.ADC_DMARequestAfterLastTransferCmd)
    i.ADC_DeInit                             0x08001640   Section        0  stm32f4xx_adc.o(i.ADC_DeInit)
    i.ADC_Init                               0x08001658   Section        0  stm32f4xx_adc.o(i.ADC_Init)
    i.ADC_RegularChannelConfig               0x080016ac   Section        0  stm32f4xx_adc.o(i.ADC_RegularChannelConfig)
    i.Audio_MAL_IRQHandler                   0x08001740   Section        0  stm32f4_discovery_audio_codec.o(i.Audio_MAL_IRQHandler)
    Audio_MAL_IRQHandler                     0x08001741   Thumb Code   156  stm32f4_discovery_audio_codec.o(i.Audio_MAL_IRQHandler)
    i.Audio_MAL_Play                         0x080017e4   Section        0  stm32f4_discovery_audio_codec.o(i.Audio_MAL_Play)
    i.BusFault_Handler                       0x0800184c   Section        0  stm32f4xx_it.o(i.BusFault_Handler)
    i.Codec_WriteRegister                    0x08001850   Section        0  stm32f4_discovery_audio_codec.o(i.Codec_WriteRegister)
    Codec_WriteRegister                      0x08001851   Thumb Code   632  stm32f4_discovery_audio_codec.o(i.Codec_WriteRegister)
    i.DAC_Cmd                                0x08001af0   Section        0  stm32f4xx_dac.o(i.DAC_Cmd)
    i.DAC_Init                               0x08001b0c   Section        0  stm32f4xx_dac.o(i.DAC_Init)
    i.DAC_SetChannel1Data                    0x08001b40   Section        0  stm32f4xx_dac.o(i.DAC_SetChannel1Data)
    i.DMA1_Stream0_IRQHandler                0x08001b56   Section        0  stm32f4_discovery_audio_codec.o(i.DMA1_Stream0_IRQHandler)
    i.DMA1_Stream7_IRQHandler                0x08001b5a   Section        0  stm32f4_discovery_audio_codec.o(i.DMA1_Stream7_IRQHandler)
    i.DMA2_Stream0_IRQHandler                0x08001b60   Section        0  adc.o(i.DMA2_Stream0_IRQHandler)
    i.DMA_ClearFlag                          0x08001b8c   Section        0  stm32f4xx_dma.o(i.DMA_ClearFlag)
    i.DMA_ClearITPendingBit                  0x08001bb8   Section        0  stm32f4xx_dma.o(i.DMA_ClearITPendingBit)
    i.DMA_Cmd                                0x08001be4   Section        0  stm32f4xx_dma.o(i.DMA_Cmd)
    i.DMA_DeInit                             0x08001bf8   Section        0  stm32f4xx_dma.o(i.DMA_DeInit)
    i.DMA_GetCmdStatus                       0x08001d7c   Section        0  stm32f4xx_dma.o(i.DMA_GetCmdStatus)
    i.DMA_GetFlagStatus                      0x08001d8c   Section        0  stm32f4xx_dma.o(i.DMA_GetFlagStatus)
    i.DMA_GetITStatus                        0x08001dc0   Section        0  stm32f4xx_dma.o(i.DMA_GetITStatus)
    i.DMA_ITConfig                           0x08001e20   Section        0  stm32f4xx_dma.o(i.DMA_ITConfig)
    i.DMA_Init                               0x08001e60   Section        0  stm32f4xx_dma.o(i.DMA_Init)
    i.DebugMon_Handler                       0x08001ed8   Section        0  stm32f4xx_it.o(i.DebugMon_Handler)
    i.EVAL_AUDIO_GetSampleCallBack           0x08001eda   Section        0  headphone.o(i.EVAL_AUDIO_GetSampleCallBack)
    i.EVAL_AUDIO_Init                        0x08001ee0   Section        0  stm32f4_discovery_audio_codec.o(i.EVAL_AUDIO_Init)
    i.EVAL_AUDIO_SetAudioInterface           0x080022cc   Section        0  stm32f4_discovery_audio_codec.o(i.EVAL_AUDIO_SetAudioInterface)
    i.EVAL_AUDIO_TransferComplete_CallBack   0x08002364   Section        0  headphone.o(i.EVAL_AUDIO_TransferComplete_CallBack)
    i.EXTI0_IRQHandler                       0x08002394   Section        0  stm32f4xx_it.o(i.EXTI0_IRQHandler)
    i.EXTI1_IRQHandler                       0x080023ae   Section        0  stm32f4xx_it.o(i.EXTI1_IRQHandler)
    i.EXTI_ClearITPendingBit                 0x080023cc   Section        0  stm32f4xx_exti.o(i.EXTI_ClearITPendingBit)
    i.EXTI_GetITStatus                       0x080023d8   Section        0  stm32f4xx_exti.o(i.EXTI_GetITStatus)
    i.EXTI_Init                              0x080023f8   Section        0  stm32f4xx_exti.o(i.EXTI_Init)
    i.GPIO_Init                              0x08002488   Section        0  stm32f4xx_gpio.o(i.GPIO_Init)
    i.GPIO_PinAFConfig                       0x08002518   Section        0  stm32f4xx_gpio.o(i.GPIO_PinAFConfig)
    i.GPIO_WriteBit                          0x0800253a   Section        0  stm32f4xx_gpio.o(i.GPIO_WriteBit)
    i.HardFault_Handler                      0x08002544   Section        0  stm32f4xx_it.o(i.HardFault_Handler)
    i.I2C_AcknowledgeConfig                  0x08002546   Section        0  stm32f4xx_i2c.o(i.I2C_AcknowledgeConfig)
    i.I2C_CheckEvent                         0x08002558   Section        0  stm32f4xx_i2c.o(i.I2C_CheckEvent)
    i.I2C_ClearFlag                          0x08002572   Section        0  stm32f4xx_i2c.o(i.I2C_ClearFlag)
    i.I2C_Cmd                                0x08002578   Section        0  stm32f4xx_i2c.o(i.I2C_Cmd)
    i.I2C_DeInit                             0x0800258a   Section        0  stm32f4xx_i2c.o(i.I2C_DeInit)
    i.I2C_GenerateSTART                      0x080025e6   Section        0  stm32f4xx_i2c.o(i.I2C_GenerateSTART)
    i.I2C_GenerateSTOP                       0x080025f8   Section        0  stm32f4xx_i2c.o(i.I2C_GenerateSTOP)
    i.I2C_GetFlagStatus                      0x0800260a   Section        0  stm32f4xx_i2c.o(i.I2C_GetFlagStatus)
    i.I2C_Init                               0x08002634   Section        0  stm32f4xx_i2c.o(i.I2C_Init)
    i.I2C_ReceiveData                        0x080026f8   Section        0  stm32f4xx_i2c.o(i.I2C_ReceiveData)
    i.I2C_Send7bitAddress                    0x080026fe   Section        0  stm32f4xx_i2c.o(i.I2C_Send7bitAddress)
    i.I2C_SendData                           0x0800270e   Section        0  stm32f4xx_i2c.o(i.I2C_SendData)
    i.I2S_Cmd                                0x08002712   Section        0  stm32f4xx_spi.o(i.I2S_Cmd)
    i.I2S_Init                               0x08002724   Section        0  stm32f4xx_spi.o(i.I2S_Init)
    i.LCD_clear_display                      0x08002818   Section        0  lcd.o(i.LCD_clear_display)
    i.LCD_init                               0x08002820   Section        0  lcd.o(i.LCD_init)
    i.LCD_place_cursor                       0x08002884   Section        0  lcd.o(i.LCD_place_cursor)
    i.LCD_port_init                          0x080028a0   Section        0  lcd.o(i.LCD_port_init)
    i.LCD_write_float                        0x080028c0   Section        0  lcd.o(i.LCD_write_float)
    i.LCD_write_string                       0x080028f4   Section        0  lcd.o(i.LCD_write_string)
    i.MemManage_Handler                      0x0800298c   Section        0  stm32f4xx_it.o(i.MemManage_Handler)
    i.NMI_Handler                            0x0800298e   Section        0  stm32f4xx_it.o(i.NMI_Handler)
    i.NVIC_Init                              0x08002990   Section        0  misc.o(i.NVIC_Init)
    i.NVIC_PriorityGroupConfig               0x08002a00   Section        0  misc.o(i.NVIC_PriorityGroupConfig)
    i.PendSV_Handler                         0x08002a14   Section        0  stm32f4xx_it.o(i.PendSV_Handler)
    i.RCC_AHB1PeriphClockCmd                 0x08002a18   Section        0  stm32f4xx_rcc.o(i.RCC_AHB1PeriphClockCmd)
    i.RCC_APB1PeriphClockCmd                 0x08002a30   Section        0  stm32f4xx_rcc.o(i.RCC_APB1PeriphClockCmd)
    i.RCC_APB1PeriphResetCmd                 0x08002a48   Section        0  stm32f4xx_rcc.o(i.RCC_APB1PeriphResetCmd)
    i.RCC_APB2PeriphClockCmd                 0x08002a60   Section        0  stm32f4xx_rcc.o(i.RCC_APB2PeriphClockCmd)
    i.RCC_APB2PeriphResetCmd                 0x08002a78   Section        0  stm32f4xx_rcc.o(i.RCC_APB2PeriphResetCmd)
    i.RCC_GetClocksFreq                      0x08002a90   Section        0  stm32f4xx_rcc.o(i.RCC_GetClocksFreq)
    i.SPI2_IRQHandler                        0x08002b38   Section        0  microphone.o(i.SPI2_IRQHandler)
    i.SPI3_IRQHandler                        0x08002b9c   Section        0  stm32f4_discovery_audio_codec.o(i.SPI3_IRQHandler)
    i.SPI_I2S_DMACmd                         0x08002bdc   Section        0  stm32f4xx_spi.o(i.SPI_I2S_DMACmd)
    i.SPI_I2S_DeInit                         0x08002bec   Section        0  stm32f4xx_spi.o(i.SPI_I2S_DeInit)
    i.SPI_I2S_GetFlagStatus                  0x08002c48   Section        0  stm32f4xx_spi.o(i.SPI_I2S_GetFlagStatus)
    i.SPI_I2S_GetITStatus                    0x08002c56   Section        0  stm32f4xx_spi.o(i.SPI_I2S_GetITStatus)
    i.SPI_I2S_ITConfig                       0x08002c84   Section        0  stm32f4xx_spi.o(i.SPI_I2S_ITConfig)
    i.SPI_I2S_ReceiveData                    0x08002c9e   Section        0  stm32f4xx_spi.o(i.SPI_I2S_ReceiveData)
    i.SPI_I2S_SendData                       0x08002ca2   Section        0  stm32f4xx_spi.o(i.SPI_I2S_SendData)
    i.STM_EVAL_LEDInit                       0x08002ca8   Section        0  stm32f4_discovery.o(i.STM_EVAL_LEDInit)
    i.STM_EVAL_LEDOff                        0x08002cf4   Section        0  stm32f4_discovery.o(i.STM_EVAL_LEDOff)
    i.STM_EVAL_LEDOn                         0x08002d0c   Section        0  stm32f4_discovery.o(i.STM_EVAL_LEDOn)
    i.STM_EVAL_LEDToggle                     0x08002d24   Section        0  stm32f4_discovery.o(i.STM_EVAL_LEDToggle)
    i.STM_EVAL_PBInit                        0x08002d40   Section        0  stm32f4_discovery.o(i.STM_EVAL_PBInit)
    i.SVC_Handler                            0x08002de4   Section        0  stm32f4xx_it.o(i.SVC_Handler)
    i.SYSCFG_EXTILineConfig                  0x08002de6   Section        0  stm32f4xx_syscfg.o(i.SYSCFG_EXTILineConfig)
    i.SysTick_Handler                        0x08002e14   Section        0  stm32f4xx_it.o(i.SysTick_Handler)
    i.SystemInit                             0x08002e28   Section        0  system_stm32f4xx.o(i.SystemInit)
    i.TIM_Cmd                                0x08002f54   Section        0  stm32f4xx_tim.o(i.TIM_Cmd)
    i.TIM_DeInit                             0x08002f66   Section        0  stm32f4xx_tim.o(i.TIM_DeInit)
    i.TIM_SelectOutputTrigger                0x080030e8   Section        0  stm32f4xx_tim.o(i.TIM_SelectOutputTrigger)
    i.TIM_TimeBaseInit                       0x080030f8   Section        0  stm32f4xx_tim.o(i.TIM_TimeBaseInit)
    i.TimeTick_Decrement                     0x08003178   Section        0  delay.o(i.TimeTick_Decrement)
    i.UsageFault_Handler                     0x08003198   Section        0  stm32f4xx_it.o(i.UsageFault_Handler)
    i.WavePlayBack                           0x0800319c   Section        0  headphone.o(i.WavePlayBack)
    i.WaveRecorderBeginSampling              0x08003240   Section        0  microphone.o(i.WaveRecorderBeginSampling)
    i.WaveRecorderCallback                   0x0800327c   Section        0  headphone.o(i.WaveRecorderCallback)
    i.WaveRecorderInit                       0x080032fc   Section        0  microphone.o(i.WaveRecorderInit)
    i.__0sprintf                             0x08003428   Section        0  printfa.o(i.__0sprintf)
    i.__hardfp_ceil                          0x08003450   Section        0  ceil.o(i.__hardfp_ceil)
    i.__hardfp_fabs                          0x08003568   Section        0  fabs.o(i.__hardfp_fabs)
    i.__hardfp_round                         0x08003580   Section        0  round.o(i.__hardfp_round)
    i.__scatterload_copy                     0x08003660   Section       14  handlers.o(i.__scatterload_copy)
    i.__scatterload_null                     0x0800366e   Section        2  handlers.o(i.__scatterload_null)
    i.__scatterload_zeroinit                 0x08003670   Section       14  handlers.o(i.__scatterload_zeroinit)
    i._bitcount                              0x0800367e   Section        0  dywapitchtrack.o(i._bitcount)
    i._dywapitch_computeWaveletPitch         0x08003698   Section        0  dywapitchtrack.o(i._dywapitch_computeWaveletPitch)
    i._dywapitch_dynamicprocess              0x08003cd0   Section        0  dywapitchtrack.o(i._dywapitch_dynamicprocess)
    i._fp_digits                             0x08003ed0   Section        0  printfa.o(i._fp_digits)
    _fp_digits                               0x08003ed1   Thumb Code   334  printfa.o(i._fp_digits)
    i._power2p                               0x08004034   Section        0  dywapitchtrack.o(i._power2p)
    i._printf_core                           0x0800404c   Section        0  printfa.o(i._printf_core)
    _printf_core                             0x0800404d   Thumb Code  1744  printfa.o(i._printf_core)
    i._printf_post_padding                   0x08004728   Section        0  printfa.o(i._printf_post_padding)
    _printf_post_padding                     0x08004729   Thumb Code    36  printfa.o(i._printf_post_padding)
    i._printf_pre_padding                    0x0800474c   Section        0  printfa.o(i._printf_pre_padding)
    _printf_pre_padding                      0x0800474d   Thumb Code    46  printfa.o(i._printf_pre_padding)
    i._sputc                                 0x0800477a   Section        0  printfa.o(i._sputc)
    _sputc                                   0x0800477b   Thumb Code    10  printfa.o(i._sputc)
    i.bartlett                               0x08004784   Section        0  psola.o(i.bartlett)
    i.changePitch                            0x080048a0   Section        0  psola.o(i.changePitch)
    i.delay_nms                              0x08004aa4   Section        0  delay.o(i.delay_nms)
    i.delay_nus                              0x08004ac4   Section        0  delay.o(i.delay_nus)
    i.dywapitch_computepitch                 0x08004ad4   Section        0  dywapitchtrack.o(i.dywapitch_computepitch)
    i.dywapitch_inittracking                 0x08004af0   Section        0  dywapitchtrack.o(i.dywapitch_inittracking)
    i.fill_buffer                            0x08004b08   Section        0  headphone.o(i.fill_buffer)
    fill_buffer                              0x08004b09   Thumb Code   326  headphone.o(i.fill_buffer)
    i.free                                   0x08004c74   Section        0  malloc.o(i.free)
    i.initAudioIn                            0x08004cc4   Section        0  adc.o(i.initAudioIn)
    i.main                                   0x08004e1c   Section        0  main.o(i.main)
    i.malloc                                 0x08004ee4   Section        0  malloc.o(i.malloc)
    i.printPitch                             0x08004f50   Section        0  headphone.o(i.printPitch)
    i.send_CMD                               0x08005060   Section        0  lcd.o(i.send_CMD)
    i.send_CMD_BF                            0x080050cc   Section        0  lcd.o(i.send_CMD_BF)
    i.waitForLCDReady                        0x08005134   Section        0  lcd.o(i.waitForLCDReady)
    .constdata                               0x08005184   Section       36  stm32f4_discovery.o(.constdata)
    .data                                    0x20000000   Section        4  stm32f4xx_it.o(.data)
    .data                                    0x20000004   Section       24  headphone.o(.data)
    volume                                   0x20000004   Data           1  headphone.o(.data)
    next_buff                                0x20000005   Data           1  headphone.o(.data)
    mic_head                                 0x20000006   Data           2  headphone.o(.data)
    mic_tail                                 0x20000008   Data           2  headphone.o(.data)
    clip_timer                               0x20000010   Data           4  headphone.o(.data)
    .data                                    0x2000001c   Section       20  microphone.o(.data)
    AudioRecInited                           0x2000001c   Data           4  microphone.o(.data)
    InternalBufferSize                       0x20000020   Data           4  microphone.o(.data)
    .data                                    0x20000030   Section       12  delay.o(.data)
    usec_counter                             0x20000030   Data           4  delay.o(.data)
    enableCounting                           0x20000034   Data           4  delay.o(.data)
    sysTickCounter                           0x20000038   Data           4  delay.o(.data)
    .data                                    0x2000003c   Section        4  dywapitchtrack.o(.data)
    .data                                    0x20000040   Section        4  psola.o(.data)
    .data                                    0x20000044   Section       20  stm32f4_discovery.o(.data)
    .data                                    0x20000058   Section       64  stm32f4_discovery_audio_codec.o(.data)
    .data                                    0x20000098   Section       16  stm32f4xx_rcc.o(.data)
    APBAHBPrescTable                         0x20000098   Data          16  stm32f4xx_rcc.o(.data)
    .data                                    0x200000a8   Section      772  pdm_filter.o(.data)
    .data                                    0x200003ac   Section        4  mvars.o(.data)
    .data                                    0x200003b0   Section        4  mvars.o(.data)
    .bss                                     0x200003b4   Section       16  main.o(.bss)
    .bss                                     0x200003c8   Section    29728  headphone.o(.bss)
    buff0                                    0x200003c8   Data        2048  headphone.o(.bss)
    buff1                                    0x20000bc8   Data        2048  headphone.o(.bss)
    micbuff                                  0x200013c8   Data        3072  headphone.o(.bss)
    .bss                                     0x200077e8   Section      212  microphone.o(.bss)
    InternalBuffer                           0x2000783c   Data         128  microphone.o(.bss)
    .bss                                     0x200078bc   Section    10240  psola.o(.bss)
    .bss                                     0x2000a0bc   Section       60  stm32f4_discovery_audio_codec.o(.bss)
    HEAP                                     0x2000a0f8   Section    86016  startup_stm32f4xx.o(HEAP)
    STACK                                    0x2001f0f8   Section     1024  startup_stm32f4xx.o(STACK)

    Global Symbols

    Symbol Name                              Value     Ov Type        Size  Object(Section)

    BuildAttributes$$THM_ISAv4$E$P$D$K$B$S$7EM$VFPi3$EXTD16$VFPS$VFMA$PE$A:L22UL41UL21$X:L11$S22US41US21$IEEE1$IW$USESV6$~STKCKD$USESV7$~SHL$OTIME$ROPI$IEEEX$EBA8$MICROLIB$REQ8$PRES8$EABIv2 0x00000000   Number         0  anon$$obj.o ABSOLUTE
    __ARM_use_no_argv                        0x00000000   Number         0  main.o ABSOLUTE
    _printf_a                                0x00000000   Number         0  stubs.o ABSOLUTE
    _printf_c                                0x00000000   Number         0  stubs.o ABSOLUTE
    _printf_charcount                        0x00000000   Number         0  stubs.o ABSOLUTE
    _printf_d                                0x00000000   Number         0  stubs.o ABSOLUTE
    _printf_e                                0x00000000   Number         0  stubs.o ABSOLUTE
    _printf_f                                0x00000000   Number         0  stubs.o ABSOLUTE
    _printf_flags                            0x00000000   Number         0  stubs.o ABSOLUTE
    _printf_fp_dec                           0x00000000   Number         0  stubs.o ABSOLUTE
    _printf_fp_hex                           0x00000000   Number         0  stubs.o ABSOLUTE
    _printf_g                                0x00000000   Number         0  stubs.o ABSOLUTE
    _printf_i                                0x00000000   Number         0  stubs.o ABSOLUTE
    _printf_int_dec                          0x00000000   Number         0  stubs.o ABSOLUTE
    _printf_l                                0x00000000   Number         0  stubs.o ABSOLUTE
    _printf_lc                               0x00000000   Number         0  stubs.o ABSOLUTE
    _printf_ll                               0x00000000   Number         0  stubs.o ABSOLUTE
    _printf_lld                              0x00000000   Number         0  stubs.o ABSOLUTE
    _printf_lli                              0x00000000   Number         0  stubs.o ABSOLUTE
    _printf_llo                              0x00000000   Number         0  stubs.o ABSOLUTE
    _printf_llu                              0x00000000   Number         0  stubs.o ABSOLUTE
    _printf_llx                              0x00000000   Number         0  stubs.o ABSOLUTE
    _printf_longlong_dec                     0x00000000   Number         0  stubs.o ABSOLUTE
    _printf_longlong_hex                     0x00000000   Number         0  stubs.o ABSOLUTE
    _printf_longlong_oct                     0x00000000   Number         0  stubs.o ABSOLUTE
    _printf_ls                               0x00000000   Number         0  stubs.o ABSOLUTE
    _printf_mbtowc                           0x00000000   Number         0  stubs.o ABSOLUTE
    _printf_n                                0x00000000   Number         0  stubs.o ABSOLUTE
    _printf_o                                0x00000000   Number         0  stubs.o ABSOLUTE
    _printf_p                                0x00000000   Number         0  stubs.o ABSOLUTE
    _printf_percent                          0x00000000   Number         0  stubs.o ABSOLUTE
    _printf_pre_padding                      0x00000000   Number         0  stubs.o ABSOLUTE
    _printf_return_value                     0x00000000   Number         0  stubs.o ABSOLUTE
    _printf_s                                0x00000000   Number         0  stubs.o ABSOLUTE
    _printf_sizespec                         0x00000000   Number         0  stubs.o ABSOLUTE
    _printf_str                              0x00000000   Number         0  stubs.o ABSOLUTE
    _printf_truncate_signed                  0x00000000   Number         0  stubs.o ABSOLUTE
    _printf_truncate_unsigned                0x00000000   Number         0  stubs.o ABSOLUTE
    _printf_u                                0x00000000   Number         0  stubs.o ABSOLUTE
    _printf_wc                               0x00000000   Number         0  stubs.o ABSOLUTE
    _printf_wctomb                           0x00000000   Number         0  stubs.o ABSOLUTE
    _printf_widthprec                        0x00000000   Number         0  stubs.o ABSOLUTE
    _printf_x                                0x00000000   Number         0  stubs.o ABSOLUTE
    __cpp_initialize__aeabi_                  - Undefined Weak Reference
    __cxa_finalize                            - Undefined Weak Reference
    _clock_init                               - Undefined Weak Reference
    _microlib_exit                            - Undefined Weak Reference
    __Vectors_Size                           0x00000188   Number         0  startup_stm32f4xx.o ABSOLUTE
    __Vectors                                0x08000000   Data           4  startup_stm32f4xx.o(RESET)
    __Vectors_End                            0x08000188   Data           0  startup_stm32f4xx.o(RESET)
    __main                                   0x08000189   Thumb Code     0  entry.o(.ARM.Collect$$$$00000000)
    _main_stk                                0x08000189   Thumb Code     0  entry2.o(.ARM.Collect$$$$00000001)
    _main_scatterload                        0x0800018d   Thumb Code     0  entry5.o(.ARM.Collect$$$$00000004)
    __main_after_scatterload                 0x08000191   Thumb Code     0  entry5.o(.ARM.Collect$$$$00000004)
    _main_clock                              0x08000191   Thumb Code     0  entry7b.o(.ARM.Collect$$$$00000008)
    _main_cpp_init                           0x08000191   Thumb Code     0  entry8b.o(.ARM.Collect$$$$0000000A)
    _main_init                               0x08000191   Thumb Code     0  entry9a.o(.ARM.Collect$$$$0000000B)
    __rt_final_cpp                           0x08000199   Thumb Code     0  entry10a.o(.ARM.Collect$$$$0000000D)
    __rt_final_exit                          0x08000199   Thumb Code     0  entry11a.o(.ARM.Collect$$$$0000000F)
    Reset_Handler                            0x0800019d   Thumb Code     8  startup_stm32f4xx.o(.text)
    ADC_IRQHandler                           0x080001b7   Thumb Code     0  startup_stm32f4xx.o(.text)
    CAN1_RX0_IRQHandler                      0x080001b7   Thumb Code     0  startup_stm32f4xx.o(.text)
    CAN1_RX1_IRQHandler                      0x080001b7   Thumb Code     0  startup_stm32f4xx.o(.text)
    CAN1_SCE_IRQHandler                      0x080001b7   Thumb Code     0  startup_stm32f4xx.o(.text)
    CAN1_TX_IRQHandler                       0x080001b7   Thumb Code     0  startup_stm32f4xx.o(.text)
    CAN2_RX0_IRQHandler                      0x080001b7   Thumb Code     0  startup_stm32f4xx.o(.text)
    CAN2_RX1_IRQHandler                      0x080001b7   Thumb Code     0  startup_stm32f4xx.o(.text)
    CAN2_SCE_IRQHandler                      0x080001b7   Thumb Code     0  startup_stm32f4xx.o(.text)
    CAN2_TX_IRQHandler                       0x080001b7   Thumb Code     0  startup_stm32f4xx.o(.text)
    CRYP_IRQHandler                          0x080001b7   Thumb Code     0  startup_stm32f4xx.o(.text)
    DCMI_IRQHandler                          0x080001b7   Thumb Code     0  startup_stm32f4xx.o(.text)
    DMA1_Stream1_IRQHandler                  0x080001b7   Thumb Code     0  startup_stm32f4xx.o(.text)
    DMA1_Stream2_IRQHandler                  0x080001b7   Thumb Code     0  startup_stm32f4xx.o(.text)
    DMA1_Stream3_IRQHandler                  0x080001b7   Thumb Code     0  startup_stm32f4xx.o(.text)
    DMA1_Stream4_IRQHandler                  0x080001b7   Thumb Code     0  startup_stm32f4xx.o(.text)
    DMA1_Stream5_IRQHandler                  0x080001b7   Thumb Code     0  startup_stm32f4xx.o(.text)
    DMA1_Stream6_IRQHandler                  0x080001b7   Thumb Code     0  startup_stm32f4xx.o(.text)
    DMA2_Stream1_IRQHandler                  0x080001b7   Thumb Code     0  startup_stm32f4xx.o(.text)
    DMA2_Stream2_IRQHandler                  0x080001b7   Thumb Code     0  startup_stm32f4xx.o(.text)
    DMA2_Stream3_IRQHandler                  0x080001b7   Thumb Code     0  startup_stm32f4xx.o(.text)
    DMA2_Stream4_IRQHandler                  0x080001b7   Thumb Code     0  startup_stm32f4xx.o(.text)
    DMA2_Stream5_IRQHandler                  0x080001b7   Thumb Code     0  startup_stm32f4xx.o(.text)
    DMA2_Stream6_IRQHandler                  0x080001b7   Thumb Code     0  startup_stm32f4xx.o(.text)
    DMA2_Stream7_IRQHandler                  0x080001b7   Thumb Code     0  startup_stm32f4xx.o(.text)
    ETH_IRQHandler                           0x080001b7   Thumb Code     0  startup_stm32f4xx.o(.text)
    ETH_WKUP_IRQHandler                      0x080001b7   Thumb Code     0  startup_stm32f4xx.o(.text)
    EXTI15_10_IRQHandler                     0x080001b7   Thumb Code     0  startup_stm32f4xx.o(.text)
    EXTI2_IRQHandler                         0x080001b7   Thumb Code     0  startup_stm32f4xx.o(.text)
    EXTI3_IRQHandler                         0x080001b7   Thumb Code     0  startup_stm32f4xx.o(.text)
    EXTI4_IRQHandler                         0x080001b7   Thumb Code     0  startup_stm32f4xx.o(.text)
    EXTI9_5_IRQHandler                       0x080001b7   Thumb Code     0  startup_stm32f4xx.o(.text)
    FLASH_IRQHandler                         0x080001b7   Thumb Code     0  startup_stm32f4xx.o(.text)
    FPU_IRQHandler                           0x080001b7   Thumb Code     0  startup_stm32f4xx.o(.text)
    FSMC_IRQHandler                          0x080001b7   Thumb Code     0  startup_stm32f4xx.o(.text)
    HASH_RNG_IRQHandler                      0x080001b7   Thumb Code     0  startup_stm32f4xx.o(.text)
    I2C1_ER_IRQHandler                       0x080001b7   Thumb Code     0  startup_stm32f4xx.o(.text)
    I2C1_EV_IRQHandler                       0x080001b7   Thumb Code     0  startup_stm32f4xx.o(.text)
    I2C2_ER_IRQHandler                       0x080001b7   Thumb Code     0  startup_stm32f4xx.o(.text)
    I2C2_EV_IRQHandler                       0x080001b7   Thumb Code     0  startup_stm32f4xx.o(.text)
    I2C3_ER_IRQHandler                       0x080001b7   Thumb Code     0  startup_stm32f4xx.o(.text)
    I2C3_EV_IRQHandler                       0x080001b7   Thumb Code     0  startup_stm32f4xx.o(.text)
    OTG_FS_IRQHandler                        0x080001b7   Thumb Code     0  startup_stm32f4xx.o(.text)
    OTG_FS_WKUP_IRQHandler                   0x080001b7   Thumb Code     0  startup_stm32f4xx.o(.text)
    OTG_HS_EP1_IN_IRQHandler                 0x080001b7   Thumb Code     0  startup_stm32f4xx.o(.text)
    OTG_HS_EP1_OUT_IRQHandler                0x080001b7   Thumb Code     0  startup_stm32f4xx.o(.text)
    OTG_HS_IRQHandler                        0x080001b7   Thumb Code     0  startup_stm32f4xx.o(.text)
    OTG_HS_WKUP_IRQHandler                   0x080001b7   Thumb Code     0  startup_stm32f4xx.o(.text)
    PVD_IRQHandler                           0x080001b7   Thumb Code     0  startup_stm32f4xx.o(.text)
    RCC_IRQHandler                           0x080001b7   Thumb Code     0  startup_stm32f4xx.o(.text)
    RTC_Alarm_IRQHandler                     0x080001b7   Thumb Code     0  startup_stm32f4xx.o(.text)
    RTC_WKUP_IRQHandler                      0x080001b7   Thumb Code     0  startup_stm32f4xx.o(.text)
    SDIO_IRQHandler                          0x080001b7   Thumb Code     0  startup_stm32f4xx.o(.text)
    SPI1_IRQHandler                          0x080001b7   Thumb Code     0  startup_stm32f4xx.o(.text)
    TAMP_STAMP_IRQHandler                    0x080001b7   Thumb Code     0  startup_stm32f4xx.o(.text)
    TIM1_BRK_TIM9_IRQHandler                 0x080001b7   Thumb Code     0  startup_stm32f4xx.o(.text)
    TIM1_CC_IRQHandler                       0x080001b7   Thumb Code     0  startup_stm32f4xx.o(.text)
    TIM1_TRG_COM_TIM11_IRQHandler            0x080001b7   Thumb Code     0  startup_stm32f4xx.o(.text)
    TIM1_UP_TIM10_IRQHandler                 0x080001b7   Thumb Code     0  startup_stm32f4xx.o(.text)
    TIM2_IRQHandler                          0x080001b7   Thumb Code     0  startup_stm32f4xx.o(.text)
    TIM3_IRQHandler                          0x080001b7   Thumb Code     0  startup_stm32f4xx.o(.text)
    TIM4_IRQHandler                          0x080001b7   Thumb Code     0  startup_stm32f4xx.o(.text)
    TIM5_IRQHandler                          0x080001b7   Thumb Code     0  startup_stm32f4xx.o(.text)
    TIM6_DAC_IRQHandler                      0x080001b7   Thumb Code     0  startup_stm32f4xx.o(.text)
    TIM7_IRQHandler                          0x080001b7   Thumb Code     0  startup_stm32f4xx.o(.text)
    TIM8_BRK_TIM12_IRQHandler                0x080001b7   Thumb Code     0  startup_stm32f4xx.o(.text)
    TIM8_CC_IRQHandler                       0x080001b7   Thumb Code     0  startup_stm32f4xx.o(.text)
    TIM8_TRG_COM_TIM14_IRQHandler            0x080001b7   Thumb Code     0  startup_stm32f4xx.o(.text)
    TIM8_UP_TIM13_IRQHandler                 0x080001b7   Thumb Code     0  startup_stm32f4xx.o(.text)
    UART4_IRQHandler                         0x080001b7   Thumb Code     0  startup_stm32f4xx.o(.text)
    UART5_IRQHandler                         0x080001b7   Thumb Code     0  startup_stm32f4xx.o(.text)
    USART1_IRQHandler                        0x080001b7   Thumb Code     0  startup_stm32f4xx.o(.text)
    USART2_IRQHandler                        0x080001b7   Thumb Code     0  startup_stm32f4xx.o(.text)
    USART3_IRQHandler                        0x080001b7   Thumb Code     0  startup_stm32f4xx.o(.text)
    USART6_IRQHandler                        0x080001b7   Thumb Code     0  startup_stm32f4xx.o(.text)
    WWDG_IRQHandler                          0x080001b7   Thumb Code     0  startup_stm32f4xx.o(.text)
    PDM_Filter_Init                          0x080001c1   Thumb Code   222  pdm_filter.o(.text)
    PDM_Filter_64_LSB                        0x0800029f   Thumb Code   660  pdm_filter.o(.text)
    PDM_Filter_80_LSB                        0x08000533   Thumb Code   692  pdm_filter.o(.text)
    PDM_Filter_64_MSB                        0x080007e7   Thumb Code   658  pdm_filter.o(.text)
    PDM_Filter_80_MSB                        0x08000a79   Thumb Code   830  pdm_filter.o(.text)
    __aeabi_memset                           0x08000dbd   Thumb Code    14  memseta.o(.text)
    __aeabi_memset4                          0x08000dbd   Thumb Code     0  memseta.o(.text)
    __aeabi_memset8                          0x08000dbd   Thumb Code     0  memseta.o(.text)
    __aeabi_memclr                           0x08000dcb   Thumb Code     4  memseta.o(.text)
    __aeabi_memclr4                          0x08000dcb   Thumb Code     0  memseta.o(.text)
    __aeabi_memclr8                          0x08000dcb   Thumb Code     0  memseta.o(.text)
    _memset$wrapper                          0x08000dcf   Thumb Code    18  memseta.o(.text)
    strlen                                   0x08000de1   Thumb Code    14  strlen.o(.text)
    __ARM_scalbnf                            0x08000def   Thumb Code    24  fscalb.o(.text)
    scalbnf                                  0x08000def   Thumb Code     0  fscalb.o(.text)
    __aeabi_dadd                             0x08000e07   Thumb Code   322  dadd.o(.text)
    __aeabi_dsub                             0x08000f49   Thumb Code     6  dadd.o(.text)
    __aeabi_drsub                            0x08000f4f   Thumb Code     6  dadd.o(.text)
    __aeabi_dmul                             0x08000f55   Thumb Code   228  dmul.o(.text)
    __aeabi_ddiv                             0x08001039   Thumb Code   222  ddiv.o(.text)
    __aeabi_i2d                              0x08001117   Thumb Code    34  dflti.o(.text)
    __aeabi_ui2d                             0x08001139   Thumb Code    26  dfltui.o(.text)
    __aeabi_d2iz                             0x08001153   Thumb Code    62  dfixi.o(.text)
    __aeabi_d2uiz                            0x08001191   Thumb Code    50  dfixui.o(.text)
    __aeabi_f2d                              0x080011c3   Thumb Code    38  f2d.o(.text)
    __aeabi_cdcmpeq                          0x080011e9   Thumb Code     0  cdcmple.o(.text)
    __aeabi_cdcmple                          0x080011e9   Thumb Code    48  cdcmple.o(.text)
    __aeabi_cdrcmple                         0x08001219   Thumb Code    48  cdrcmple.o(.text)
    __aeabi_d2f                              0x08001249   Thumb Code    56  d2f.o(.text)
    __aeabi_uidiv                            0x08001281   Thumb Code     0  uidiv.o(.text)
    __aeabi_uidivmod                         0x08001281   Thumb Code    44  uidiv.o(.text)
    __aeabi_uldivmod                         0x080012ad   Thumb Code    98  uldiv.o(.text)
    __aeabi_llsl                             0x0800130f   Thumb Code    30  llshl.o(.text)
    _ll_shift_l                              0x0800130f   Thumb Code     0  llshl.o(.text)
    __aeabi_llsr                             0x0800132d   Thumb Code    32  llushr.o(.text)
    _ll_ushift_r                             0x0800132d   Thumb Code     0  llushr.o(.text)
    __aeabi_lasr                             0x0800134d   Thumb Code    36  llsshr.o(.text)
    _ll_sshift_r                             0x0800134d   Thumb Code     0  llsshr.o(.text)
    __I$use$fp                               0x08001371   Thumb Code     0  iusefp.o(.text)
    _float_round                             0x08001371   Thumb Code    18  fepilogue.o(.text)
    _float_epilogue                          0x08001383   Thumb Code    92  fepilogue.o(.text)
    _double_round                            0x080013df   Thumb Code    30  depilogue.o(.text)
    _double_epilogue                         0x080013fd   Thumb Code   156  depilogue.o(.text)
    _drnd                                    0x08001499   Thumb Code   132  drnd.o(.text)
    __aeabi_d2ulz                            0x08001521   Thumb Code    48  dfixul.o(.text)
    __scatterload                            0x08001551   Thumb Code    28  init.o(.text)
    __scatterload_rt2                        0x08001551   Thumb Code     0  init.o(.text)
    __decompress                             0x08001575   Thumb Code     0  __dczerorl2.o(.text)
    __decompress1                            0x08001575   Thumb Code    86  __dczerorl2.o(.text)
    ADCCallback                              0x080015cd   Thumb Code    10  headphone.o(i.ADCCallback)
    ADC_Cmd                                  0x080015dd   Thumb Code    18  stm32f4xx_adc.o(i.ADC_Cmd)
    ADC_CommonInit                           0x080015f1   Thumb Code    36  stm32f4xx_adc.o(i.ADC_CommonInit)
    ADC_DMACmd                               0x0800161d   Thumb Code    18  stm32f4xx_adc.o(i.ADC_DMACmd)
    ADC_DMARequestAfterLastTransferCmd       0x0800162f   Thumb Code    18  stm32f4xx_adc.o(i.ADC_DMARequestAfterLastTransferCmd)
    ADC_DeInit                               0x08001641   Thumb Code    24  stm32f4xx_adc.o(i.ADC_DeInit)
    ADC_Init                                 0x08001659   Thumb Code    80  stm32f4xx_adc.o(i.ADC_Init)
    ADC_RegularChannelConfig                 0x080016ad   Thumb Code   146  stm32f4xx_adc.o(i.ADC_RegularChannelConfig)
    Audio_MAL_Play                           0x080017e5   Thumb Code    86  stm32f4_discovery_audio_codec.o(i.Audio_MAL_Play)
    BusFault_Handler                         0x0800184d   Thumb Code     2  stm32f4xx_it.o(i.BusFault_Handler)
    DAC_Cmd                                  0x08001af1   Thumb Code    24  stm32f4xx_dac.o(i.DAC_Cmd)
    DAC_Init                                 0x08001b0d   Thumb Code    48  stm32f4xx_dac.o(i.DAC_Init)
    DAC_SetChannel1Data                      0x08001b41   Thumb Code    22  stm32f4xx_dac.o(i.DAC_SetChannel1Data)
    DMA1_Stream0_IRQHandler                  0x08001b57   Thumb Code     4  stm32f4_discovery_audio_codec.o(i.DMA1_Stream0_IRQHandler)
    DMA1_Stream7_IRQHandler                  0x08001b5b   Thumb Code     4  stm32f4_discovery_audio_codec.o(i.DMA1_Stream7_IRQHandler)
    DMA2_Stream0_IRQHandler                  0x08001b61   Thumb Code    36  adc.o(i.DMA2_Stream0_IRQHandler)
    DMA_ClearFlag                            0x08001b8d   Thumb Code    28  stm32f4xx_dma.o(i.DMA_ClearFlag)
    DMA_ClearITPendingBit                    0x08001bb9   Thumb Code    28  stm32f4xx_dma.o(i.DMA_ClearITPendingBit)
    DMA_Cmd                                  0x08001be5   Thumb Code    18  stm32f4xx_dma.o(i.DMA_Cmd)
    DMA_DeInit                               0x08001bf9   Thumb Code   298  stm32f4xx_dma.o(i.DMA_DeInit)
    DMA_GetCmdStatus                         0x08001d7d   Thumb Code    16  stm32f4xx_dma.o(i.DMA_GetCmdStatus)
    DMA_GetFlagStatus                        0x08001d8d   Thumb Code    36  stm32f4xx_dma.o(i.DMA_GetFlagStatus)
    DMA_GetITStatus                          0x08001dc1   Thumb Code    74  stm32f4xx_dma.o(i.DMA_GetITStatus)
    DMA_ITConfig                             0x08001e21   Thumb Code    64  stm32f4xx_dma.o(i.DMA_ITConfig)
    DMA_Init                                 0x08001e61   Thumb Code   116  stm32f4xx_dma.o(i.DMA_Init)
    DebugMon_Handler                         0x08001ed9   Thumb Code     2  stm32f4xx_it.o(i.DebugMon_Handler)
    EVAL_AUDIO_GetSampleCallBack             0x08001edb   Thumb Code     4  headphone.o(i.EVAL_AUDIO_GetSampleCallBack)
    EVAL_AUDIO_Init                          0x08001ee1   Thumb Code   964  stm32f4_discovery_audio_codec.o(i.EVAL_AUDIO_Init)
    EVAL_AUDIO_SetAudioInterface             0x080022cd   Thumb Code   110  stm32f4_discovery_audio_codec.o(i.EVAL_AUDIO_SetAudioInterface)
    EVAL_AUDIO_TransferComplete_CallBack     0x08002365   Thumb Code    34  headphone.o(i.EVAL_AUDIO_TransferComplete_CallBack)
    EXTI0_IRQHandler                         0x08002395   Thumb Code    26  stm32f4xx_it.o(i.EXTI0_IRQHandler)
    EXTI1_IRQHandler                         0x080023af   Thumb Code    30  stm32f4xx_it.o(i.EXTI1_IRQHandler)
    EXTI_ClearITPendingBit                   0x080023cd   Thumb Code     6  stm32f4xx_exti.o(i.EXTI_ClearITPendingBit)
    EXTI_GetITStatus                         0x080023d9   Thumb Code    24  stm32f4xx_exti.o(i.EXTI_GetITStatus)
    EXTI_Init                                0x080023f9   Thumb Code   134  stm32f4xx_exti.o(i.EXTI_Init)
    GPIO_Init                                0x08002489   Thumb Code   144  stm32f4xx_gpio.o(i.GPIO_Init)
    GPIO_PinAFConfig                         0x08002519   Thumb Code    34  stm32f4xx_gpio.o(i.GPIO_PinAFConfig)
    GPIO_WriteBit                            0x0800253b   Thumb Code    10  stm32f4xx_gpio.o(i.GPIO_WriteBit)
    HardFault_Handler                        0x08002545   Thumb Code     2  stm32f4xx_it.o(i.HardFault_Handler)
    I2C_AcknowledgeConfig                    0x08002547   Thumb Code    18  stm32f4xx_i2c.o(i.I2C_AcknowledgeConfig)
    I2C_CheckEvent                           0x08002559   Thumb Code    26  stm32f4xx_i2c.o(i.I2C_CheckEvent)
    I2C_ClearFlag                            0x08002573   Thumb Code     6  stm32f4xx_i2c.o(i.I2C_ClearFlag)
    I2C_Cmd                                  0x08002579   Thumb Code    18  stm32f4xx_i2c.o(i.I2C_Cmd)
    I2C_DeInit                               0x0800258b   Thumb Code    92  stm32f4xx_i2c.o(i.I2C_DeInit)
    I2C_GenerateSTART                        0x080025e7   Thumb Code    18  stm32f4xx_i2c.o(i.I2C_GenerateSTART)
    I2C_GenerateSTOP                         0x080025f9   Thumb Code    18  stm32f4xx_i2c.o(i.I2C_GenerateSTOP)
    I2C_GetFlagStatus                        0x0800260b   Thumb Code    42  stm32f4xx_i2c.o(i.I2C_GetFlagStatus)
    I2C_Init                                 0x08002635   Thumb Code   188  stm32f4xx_i2c.o(i.I2C_Init)
    I2C_ReceiveData                          0x080026f9   Thumb Code     6  stm32f4xx_i2c.o(i.I2C_ReceiveData)
    I2C_Send7bitAddress                      0x080026ff   Thumb Code    16  stm32f4xx_i2c.o(i.I2C_Send7bitAddress)
    I2C_SendData                             0x0800270f   Thumb Code     4  stm32f4xx_i2c.o(i.I2C_SendData)
    I2S_Cmd                                  0x08002713   Thumb Code    18  stm32f4xx_spi.o(i.I2S_Cmd)
    I2S_Init                                 0x08002725   Thumb Code   224  stm32f4xx_spi.o(i.I2S_Init)
    LCD_clear_display                        0x08002819   Thumb Code     8  lcd.o(i.LCD_clear_display)
    LCD_init                                 0x08002821   Thumb Code    96  lcd.o(i.LCD_init)
    LCD_place_cursor                         0x08002885   Thumb Code    26  lcd.o(i.LCD_place_cursor)
    LCD_port_init                            0x080028a1   Thumb Code    24  lcd.o(i.LCD_port_init)
    LCD_write_float                          0x080028c1   Thumb Code    42  lcd.o(i.LCD_write_float)
    LCD_write_string                         0x080028f5   Thumb Code   148  lcd.o(i.LCD_write_string)
    MemManage_Handler                        0x0800298d   Thumb Code     2  stm32f4xx_it.o(i.MemManage_Handler)
    NMI_Handler                              0x0800298f   Thumb Code     2  stm32f4xx_it.o(i.NMI_Handler)
    NVIC_Init                                0x08002991   Thumb Code   106  misc.o(i.NVIC_Init)
    NVIC_PriorityGroupConfig                 0x08002a01   Thumb Code    14  misc.o(i.NVIC_PriorityGroupConfig)
    PendSV_Handler                           0x08002a15   Thumb Code     2  stm32f4xx_it.o(i.PendSV_Handler)
    RCC_AHB1PeriphClockCmd                   0x08002a19   Thumb Code    18  stm32f4xx_rcc.o(i.RCC_AHB1PeriphClockCmd)
    RCC_APB1PeriphClockCmd                   0x08002a31   Thumb Code    18  stm32f4xx_rcc.o(i.RCC_APB1PeriphClockCmd)
    RCC_APB1PeriphResetCmd                   0x08002a49   Thumb Code    18  stm32f4xx_rcc.o(i.RCC_APB1PeriphResetCmd)
    RCC_APB2PeriphClockCmd                   0x08002a61   Thumb Code    18  stm32f4xx_rcc.o(i.RCC_APB2PeriphClockCmd)
    RCC_APB2PeriphResetCmd                   0x08002a79   Thumb Code    18  stm32f4xx_rcc.o(i.RCC_APB2PeriphResetCmd)
    RCC_GetClocksFreq                        0x08002a91   Thumb Code   150  stm32f4xx_rcc.o(i.RCC_GetClocksFreq)
    SPI2_IRQHandler                          0x08002b39   Thumb Code    78  microphone.o(i.SPI2_IRQHandler)
    SPI3_IRQHandler                          0x08002b9d   Thumb Code    54  stm32f4_discovery_audio_codec.o(i.SPI3_IRQHandler)
    SPI_I2S_DMACmd                           0x08002bdd   Thumb Code    16  stm32f4xx_spi.o(i.SPI_I2S_DMACmd)
    SPI_I2S_DeInit                           0x08002bed   Thumb Code    92  stm32f4xx_spi.o(i.SPI_I2S_DeInit)
    SPI_I2S_GetFlagStatus                    0x08002c49   Thumb Code    14  stm32f4xx_spi.o(i.SPI_I2S_GetFlagStatus)
    SPI_I2S_GetITStatus                      0x08002c57   Thumb Code    46  stm32f4xx_spi.o(i.SPI_I2S_GetITStatus)
    SPI_I2S_ITConfig                         0x08002c85   Thumb Code    26  stm32f4xx_spi.o(i.SPI_I2S_ITConfig)
    SPI_I2S_ReceiveData                      0x08002c9f   Thumb Code     4  stm32f4xx_spi.o(i.SPI_I2S_ReceiveData)
    SPI_I2S_SendData                         0x08002ca3   Thumb Code     4  stm32f4xx_spi.o(i.SPI_I2S_SendData)
    STM_EVAL_LEDInit                         0x08002ca9   Thumb Code    64  stm32f4_discovery.o(i.STM_EVAL_LEDInit)
    STM_EVAL_LEDOff                          0x08002cf5   Thumb Code    16  stm32f4_discovery.o(i.STM_EVAL_LEDOff)
    STM_EVAL_LEDOn                           0x08002d0d   Thumb Code    16  stm32f4_discovery.o(i.STM_EVAL_LEDOn)
    STM_EVAL_LEDToggle                       0x08002d25   Thumb Code    20  stm32f4_discovery.o(i.STM_EVAL_LEDToggle)
    STM_EVAL_PBInit                          0x08002d41   Thumb Code   140  stm32f4_discovery.o(i.STM_EVAL_PBInit)
    SVC_Handler                              0x08002de5   Thumb Code     2  stm32f4xx_it.o(i.SVC_Handler)
    SYSCFG_EXTILineConfig                    0x08002de7   Thumb Code    46  stm32f4xx_syscfg.o(i.SYSCFG_EXTILineConfig)
    SysTick_Handler                          0x08002e15   Thumb Code    16  stm32f4xx_it.o(i.SysTick_Handler)
    SystemInit                               0x08002e29   Thumb Code   254  system_stm32f4xx.o(i.SystemInit)
    TIM_Cmd                                  0x08002f55   Thumb Code    18  stm32f4xx_tim.o(i.TIM_Cmd)
    TIM_DeInit                               0x08002f67   Thumb Code   386  stm32f4xx_tim.o(i.TIM_DeInit)
    TIM_SelectOutputTrigger                  0x080030e9   Thumb Code    16  stm32f4xx_tim.o(i.TIM_SelectOutputTrigger)
    TIM_TimeBaseInit                         0x080030f9   Thumb Code   118  stm32f4xx_tim.o(i.TIM_TimeBaseInit)
    TimeTick_Decrement                       0x08003179   Thumb Code    28  delay.o(i.TimeTick_Decrement)
    UsageFault_Handler                       0x08003199   Thumb Code     2  stm32f4xx_it.o(i.UsageFault_Handler)
    WavePlayBack                             0x0800319d   Thumb Code   134  headphone.o(i.WavePlayBack)
    WaveRecorderBeginSampling                0x08003241   Thumb Code    52  microphone.o(i.WaveRecorderBeginSampling)
    WaveRecorderCallback                     0x0800327d   Thumb Code   118  headphone.o(i.WaveRecorderCallback)
    WaveRecorderInit                         0x080032fd   Thumb Code   266  microphone.o(i.WaveRecorderInit)
    __0sprintf                               0x08003429   Thumb Code    34  printfa.o(i.__0sprintf)
    __1sprintf                               0x08003429   Thumb Code     0  printfa.o(i.__0sprintf)
    __2sprintf                               0x08003429   Thumb Code     0  printfa.o(i.__0sprintf)
    __c89sprintf                             0x08003429   Thumb Code     0  printfa.o(i.__0sprintf)
    sprintf                                  0x08003429   Thumb Code     0  printfa.o(i.__0sprintf)
    __hardfp_ceil                            0x08003451   Thumb Code   252  ceil.o(i.__hardfp_ceil)
    __hardfp_fabs                            0x08003569   Thumb Code    20  fabs.o(i.__hardfp_fabs)
    __hardfp_round                           0x08003581   Thumb Code   194  round.o(i.__hardfp_round)
    __scatterload_copy                       0x08003661   Thumb Code    14  handlers.o(i.__scatterload_copy)
    __scatterload_null                       0x0800366f   Thumb Code     2  handlers.o(i.__scatterload_null)
    __scatterload_zeroinit                   0x08003671   Thumb Code    14  handlers.o(i.__scatterload_zeroinit)
    _bitcount                                0x0800367f   Thumb Code    22  dywapitchtrack.o(i._bitcount)
    _dywapitch_computeWaveletPitch           0x08003699   Thumb Code  1564  dywapitchtrack.o(i._dywapitch_computeWaveletPitch)
    _dywapitch_dynamicprocess                0x08003cd1   Thumb Code   468  dywapitchtrack.o(i._dywapitch_dynamicprocess)
    _power2p                                 0x08004035   Thumb Code    24  dywapitchtrack.o(i._power2p)
    bartlett                                 0x08004785   Thumb Code   280  psola.o(i.bartlett)
    changePitch                              0x080048a1   Thumb Code   490  psola.o(i.changePitch)
    delay_nms                                0x08004aa5   Thumb Code    26  delay.o(i.delay_nms)
    delay_nus                                0x08004ac5   Thumb Code    12  delay.o(i.delay_nus)
    dywapitch_computepitch                   0x08004ad5   Thumb Code    28  dywapitchtrack.o(i.dywapitch_computepitch)
    dywapitch_inittracking                   0x08004af1   Thumb Code    16  dywapitchtrack.o(i.dywapitch_inittracking)
    free                                     0x08004c75   Thumb Code    76  malloc.o(i.free)
    initAudioIn                              0x08004cc5   Thumb Code   328  adc.o(i.initAudioIn)
    main                                     0x08004e1d   Thumb Code   164  main.o(i.main)
    malloc                                   0x08004ee5   Thumb Code    92  malloc.o(i.malloc)
    printPitch                               0x08004f51   Thumb Code   212  headphone.o(i.printPitch)
    send_CMD                                 0x08005061   Thumb Code   102  lcd.o(i.send_CMD)
    send_CMD_BF                              0x080050cd   Thumb Code   100  lcd.o(i.send_CMD_BF)
    waitForLCDReady                          0x08005135   Thumb Code    68  lcd.o(i.waitForLCDReady)
    BUTTON_PORT_SOURCE                       0x08005184   Data           1  stm32f4_discovery.o(.constdata)
    BUTTON_PIN_SOURCE                        0x08005185   Data           1  stm32f4_discovery.o(.constdata)
    BUTTON_IRQn                              0x08005186   Data           1  stm32f4_discovery.o(.constdata)
    BUTTON_PIN                               0x08005188   Data           2  stm32f4_discovery.o(.constdata)
    BUTTON_EXTI_LINE                         0x0800518a   Data           2  stm32f4_discovery.o(.constdata)
    BUTTON_CLK                               0x0800518c   Data           4  stm32f4_discovery.o(.constdata)
    GPIO_PIN                                 0x08005190   Data           8  stm32f4_discovery.o(.constdata)
    GPIO_CLK                                 0x08005198   Data          16  stm32f4_discovery.o(.constdata)
    Region$$Table$$Base                      0x080051a8   Number         0  anon$$obj.o(Region$$Table)
    Region$$Table$$Limit                     0x080051c8   Number         0  anon$$obj.o(Region$$Table)
    usec_counter                             0x20000000   Data           4  stm32f4xx_it.o(.data)
    modOrMic                                 0x2000000c   Data           4  headphone.o(.data)
    myPitch                                  0x20000014   Data           4  headphone.o(.data)
    modulatorPitch                           0x20000018   Data           4  headphone.o(.data)
    AudioRecBitRes                           0x20000024   Data           4  microphone.o(.data)
    AudioRecChnlNbr                          0x20000028   Data           4  microphone.o(.data)
    AudioRecCurrSize                         0x2000002c   Data           4  microphone.o(.data)
    debug                                    0x2000003c   Data           4  dywapitchtrack.o(.data)
    _bufferLen                               0x20000040   Data           4  psola.o(.data)
    BUTTON_PORT                              0x20000044   Data           4  stm32f4_discovery.o(.data)
    GPIO_PORT                                0x20000048   Data          16  stm32f4_discovery.o(.data)
    OutputDev                                0x20000058   Data           1  stm32f4_discovery_audio_codec.o(.data)
    AudioTotalSize                           0x2000005c   Data           4  stm32f4_discovery_audio_codec.o(.data)
    AudioRemSize                             0x20000060   Data           4  stm32f4_discovery_audio_codec.o(.data)
    CODECTimeout                             0x20000064   Data           4  stm32f4_discovery_audio_codec.o(.data)
    CurrAudioInterface                       0x20000068   Data           4  stm32f4_discovery_audio_codec.o(.data)
    AUDIO_MAL_DMA_CLOCK                      0x2000006c   Data           4  stm32f4_discovery_audio_codec.o(.data)
    AUDIO_MAL_DMA_STREAM                     0x20000070   Data           4  stm32f4_discovery_audio_codec.o(.data)
    AUDIO_MAL_DMA_DREG                       0x20000074   Data           4  stm32f4_discovery_audio_codec.o(.data)
    AUDIO_MAL_DMA_CHANNEL                    0x20000078   Data           4  stm32f4_discovery_audio_codec.o(.data)
    AUDIO_MAL_DMA_IRQ                        0x2000007c   Data           4  stm32f4_discovery_audio_codec.o(.data)
    AUDIO_MAL_DMA_FLAG_TC                    0x20000080   Data           4  stm32f4_discovery_audio_codec.o(.data)
    AUDIO_MAL_DMA_FLAG_HT                    0x20000084   Data           4  stm32f4_discovery_audio_codec.o(.data)
    AUDIO_MAL_DMA_FLAG_FE                    0x20000088   Data           4  stm32f4_discovery_audio_codec.o(.data)
    AUDIO_MAL_DMA_FLAG_TE                    0x2000008c   Data           4  stm32f4_discovery_audio_codec.o(.data)
    AUDIO_MAL_DMA_FLAG_DME                   0x20000090   Data           4  stm32f4_discovery_audio_codec.o(.data)
    CurrentPos                               0x20000094   Data           4  stm32f4_discovery_audio_codec.o(.data)
    stm32_crc                                0x200000a8   Data           4  pdm_filter.o(.data)
    T0                                       0x200000ac   Data         256  pdm_filter.o(.data)
    T1                                       0x200001ac   Data         256  pdm_filter.o(.data)
    T2                                       0x200002ac   Data         256  pdm_filter.o(.data)
    __microlib_freelist                      0x200003ac   Data           4  mvars.o(.data)
    __microlib_freelist_initialised          0x200003b0   Data           4  mvars.o(.data)
    RCC_Clocks                               0x200003b4   Data          16  main.o(.bss)
    dywaMic                                  0x20001fc8   Data          16  headphone.o(.bss)
    micBuffInts                              0x20001fd8   Data        4096  headphone.o(.bss)
    micDoubleBuffer                          0x20002fd8   Data        8192  headphone.o(.bss)
    dywaADC                                  0x20004fd8   Data          16  headphone.o(.bss)
    modulatorBuffer                          0x20004fe8   Data        2048  headphone.o(.bss)
    modulatorDoubleBuffer                    0x200057e8   Data        8192  headphone.o(.bss)
    Filter                                   0x200077e8   Data          52  microphone.o(.bss)
    RecBuf                                   0x2000781c   Data          32  microphone.o(.bss)
    _workingBuffer                           0x200078bc   Data        4096  psola.o(.bss)
    _storageBuffer                           0x200088bc   Data        4096  psola.o(.bss)
    _window                                  0x200098bc   Data        2048  psola.o(.bss)
    DMA_InitStructure                        0x2000a0bc   Data          60  stm32f4_discovery_audio_codec.o(.bss)
    __heap_base                              0x2000a0f8   Data           0  startup_stm32f4xx.o(HEAP)
    __heap_limit                             0x2001f0f8   Data           0  startup_stm32f4xx.o(HEAP)
    __initial_sp                             0x2001f4f8   Data           0  startup_stm32f4xx.o(STACK)



==============================================================================

Memory Map of the image

  Image Entry point : 0x08000189

  Load Region LR_IROM1 (Base: 0x08000000, Size: 0x0000557c, Max: 0x00100000, ABSOLUTE, COMPRESSED[0x00005414])

    Execution Region ER_IROM1 (Base: 0x08000000, Size: 0x000051c8, Max: 0x00100000, ABSOLUTE)

    Base Addr    Size         Type   Attr      Idx    E Section Name        Object

    0x08000000   0x00000188   Data   RO         3063    RESET               startup_stm32f4xx.o
    0x08000188   0x00000000   Code   RO         3343  * .ARM.Collect$$$$00000000  mc_w.l(entry.o)
    0x08000188   0x00000004   Code   RO         3665    .ARM.Collect$$$$00000001  mc_w.l(entry2.o)
    0x0800018c   0x00000004   Code   RO         3668    .ARM.Collect$$$$00000004  mc_w.l(entry5.o)
    0x08000190   0x00000000   Code   RO         3670    .ARM.Collect$$$$00000008  mc_w.l(entry7b.o)
    0x08000190   0x00000000   Code   RO         3672    .ARM.Collect$$$$0000000A  mc_w.l(entry8b.o)
    0x08000190   0x00000008   Code   RO         3673    .ARM.Collect$$$$0000000B  mc_w.l(entry9a.o)
    0x08000198   0x00000000   Code   RO         3675    .ARM.Collect$$$$0000000D  mc_w.l(entry10a.o)
    0x08000198   0x00000000   Code   RO         3677    .ARM.Collect$$$$0000000F  mc_w.l(entry11a.o)
    0x08000198   0x00000004   Code   RO         3666    .ARM.Collect$$$$00002712  mc_w.l(entry2.o)
    0x0800019c   0x00000024   Code   RO         3064    .text               startup_stm32f4xx.o
    0x080001c0   0x00000bfc   Code   RO         3134    .text               libPDMFilter_Keil.lib(pdm_filter.o)
    0x08000dbc   0x00000024   Code   RO         3346    .text               mc_w.l(memseta.o)
    0x08000de0   0x0000000e   Code   RO         3348    .text               mc_w.l(strlen.o)
    0x08000dee   0x00000018   Code   RO         3639    .text               mf_w.l(fscalb.o)
    0x08000e06   0x0000014e   Code   RO         3641    .text               mf_w.l(dadd.o)
    0x08000f54   0x000000e4   Code   RO         3643    .text               mf_w.l(dmul.o)
    0x08001038   0x000000de   Code   RO         3645    .text               mf_w.l(ddiv.o)
    0x08001116   0x00000022   Code   RO         3649    .text               mf_w.l(dflti.o)
    0x08001138   0x0000001a   Code   RO         3651    .text               mf_w.l(dfltui.o)
    0x08001152   0x0000003e   Code   RO         3653    .text               mf_w.l(dfixi.o)
    0x08001190   0x00000032   Code   RO         3655    .text               mf_w.l(dfixui.o)
    0x080011c2   0x00000026   Code   RO         3657    .text               mf_w.l(f2d.o)
    0x080011e8   0x00000030   Code   RO         3659    .text               mf_w.l(cdcmple.o)
    0x08001218   0x00000030   Code   RO         3661    .text               mf_w.l(cdrcmple.o)
    0x08001248   0x00000038   Code   RO         3663    .text               mf_w.l(d2f.o)
    0x08001280   0x0000002c   Code   RO         3682    .text               mc_w.l(uidiv.o)
    0x080012ac   0x00000062   Code   RO         3684    .text               mc_w.l(uldiv.o)
    0x0800130e   0x0000001e   Code   RO         3686    .text               mc_w.l(llshl.o)
    0x0800132c   0x00000020   Code   RO         3688    .text               mc_w.l(llushr.o)
    0x0800134c   0x00000024   Code   RO         3690    .text               mc_w.l(llsshr.o)
    0x08001370   0x00000000   Code   RO         3698    .text               mc_w.l(iusefp.o)
    0x08001370   0x0000006e   Code   RO         3699    .text               mf_w.l(fepilogue.o)
    0x080013de   0x000000ba   Code   RO         3701    .text               mf_w.l(depilogue.o)
    0x08001498   0x00000088   Code   RO         3703    .text               mf_w.l(drnd.o)
    0x08001520   0x00000030   Code   RO         3705    .text               mf_w.l(dfixul.o)
    0x08001550   0x00000024   Code   RO         3707    .text               mc_w.l(init.o)
    0x08001574   0x00000056   Code   RO         3719    .text               mc_w.l(__dczerorl2.o)
    0x080015ca   0x00000002   PAD
    0x080015cc   0x00000010   Code   RO          305    i.ADCCallback       headphone.o
    0x080015dc   0x00000012   Code   RO         2283    i.ADC_Cmd           stm32f4xx_adc.o
    0x080015ee   0x00000002   PAD
    0x080015f0   0x0000002c   Code   RO         2284    i.ADC_CommonInit    stm32f4xx_adc.o
    0x0800161c   0x00000012   Code   RO         2287    i.ADC_DMACmd        stm32f4xx_adc.o
    0x0800162e   0x00000012   Code   RO         2288    i.ADC_DMARequestAfterLastTransferCmd  stm32f4xx_adc.o
    0x08001640   0x00000018   Code   RO         2289    i.ADC_DeInit        stm32f4xx_adc.o
    0x08001658   0x00000054   Code   RO         2303    i.ADC_Init          stm32f4xx_adc.o
    0x080016ac   0x00000092   Code   RO         2308    i.ADC_RegularChannelConfig  stm32f4xx_adc.o
    0x0800173e   0x00000002   PAD
    0x08001740   0x000000a4   Code   RO          906    i.Audio_MAL_IRQHandler  stm32f4_discovery_audio_codec.o
    0x080017e4   0x00000068   Code   RO          907    i.Audio_MAL_Play    stm32f4_discovery_audio_codec.o
    0x0800184c   0x00000002   Code   RO          177    i.BusFault_Handler  stm32f4xx_it.o
    0x0800184e   0x00000002   PAD
    0x08001850   0x000002a0   Code   RO          909    i.Codec_WriteRegister  stm32f4_discovery_audio_codec.o
    0x08001af0   0x0000001c   Code   RO         1125    i.DAC_Cmd           stm32f4xx_dac.o
    0x08001b0c   0x00000034   Code   RO         1133    i.DAC_Init          stm32f4xx_dac.o
    0x08001b40   0x00000016   Code   RO         1134    i.DAC_SetChannel1Data  stm32f4xx_dac.o
    0x08001b56   0x00000004   Code   RO          911    i.DMA1_Stream0_IRQHandler  stm32f4_discovery_audio_codec.o
    0x08001b5a   0x00000004   Code   RO          912    i.DMA1_Stream7_IRQHandler  stm32f4_discovery_audio_codec.o
    0x08001b5e   0x00000002   PAD
    0x08001b60   0x0000002c   Code   RO          791    i.DMA2_Stream0_IRQHandler  adc.o
    0x08001b8c   0x0000002c   Code   RO         1243    i.DMA_ClearFlag     stm32f4xx_dma.o
    0x08001bb8   0x0000002c   Code   RO         1244    i.DMA_ClearITPendingBit  stm32f4xx_dma.o
    0x08001be4   0x00000012   Code   RO         1245    i.DMA_Cmd           stm32f4xx_dma.o
    0x08001bf6   0x00000002   PAD
    0x08001bf8   0x00000184   Code   RO         1246    i.DMA_DeInit        stm32f4xx_dma.o
    0x08001d7c   0x00000010   Code   RO         1250    i.DMA_GetCmdStatus  stm32f4xx_dma.o
    0x08001d8c   0x00000034   Code   RO         1254    i.DMA_GetFlagStatus  stm32f4xx_dma.o
    0x08001dc0   0x00000060   Code   RO         1255    i.DMA_GetITStatus   stm32f4xx_dma.o
    0x08001e20   0x00000040   Code   RO         1256    i.DMA_ITConfig      stm32f4xx_dma.o
    0x08001e60   0x00000078   Code   RO         1257    i.DMA_Init          stm32f4xx_dma.o
    0x08001ed8   0x00000002   Code   RO          178    i.DebugMon_Handler  stm32f4xx_it.o
    0x08001eda   0x00000004   Code   RO          307    i.EVAL_AUDIO_GetSampleCallBack  headphone.o
    0x08001ede   0x00000002   PAD
    0x08001ee0   0x000003ec   Code   RO          914    i.EVAL_AUDIO_Init   stm32f4_discovery_audio_codec.o
    0x080022cc   0x00000098   Code   RO          918    i.EVAL_AUDIO_SetAudioInterface  stm32f4_discovery_audio_codec.o
    0x08002364   0x00000030   Code   RO          309    i.EVAL_AUDIO_TransferComplete_CallBack  headphone.o
    0x08002394   0x0000001a   Code   RO          179    i.EXTI0_IRQHandler  stm32f4xx_it.o
    0x080023ae   0x0000001e   Code   RO          180    i.EXTI1_IRQHandler  stm32f4xx_it.o
    0x080023cc   0x0000000c   Code   RO         2146    i.EXTI_ClearITPendingBit  stm32f4xx_exti.o
    0x080023d8   0x00000020   Code   RO         2150    i.EXTI_GetITStatus  stm32f4xx_exti.o
    0x080023f8   0x00000090   Code   RO         2151    i.EXTI_Init         stm32f4xx_exti.o
    0x08002488   0x00000090   Code   RO         1376    i.GPIO_Init         stm32f4xx_gpio.o
    0x08002518   0x00000022   Code   RO         1377    i.GPIO_PinAFConfig  stm32f4xx_gpio.o
    0x0800253a   0x0000000a   Code   RO         1388    i.GPIO_WriteBit     stm32f4xx_gpio.o
    0x08002544   0x00000002   Code   RO          181    i.HardFault_Handler  stm32f4xx_it.o
    0x08002546   0x00000012   Code   RO         1478    i.I2C_AcknowledgeConfig  stm32f4xx_i2c.o
    0x08002558   0x0000001a   Code   RO         1480    i.I2C_CheckEvent    stm32f4xx_i2c.o
    0x08002572   0x00000006   Code   RO         1481    i.I2C_ClearFlag     stm32f4xx_i2c.o
    0x08002578   0x00000012   Code   RO         1483    i.I2C_Cmd           stm32f4xx_i2c.o
    0x0800258a   0x0000005c   Code   RO         1486    i.I2C_DeInit        stm32f4xx_i2c.o
    0x080025e6   0x00000012   Code   RO         1490    i.I2C_GenerateSTART  stm32f4xx_i2c.o
    0x080025f8   0x00000012   Code   RO         1491    i.I2C_GenerateSTOP  stm32f4xx_i2c.o
    0x0800260a   0x0000002a   Code   RO         1492    i.I2C_GetFlagStatus  stm32f4xx_i2c.o
    0x08002634   0x000000c4   Code   RO         1497    i.I2C_Init          stm32f4xx_i2c.o
    0x080026f8   0x00000006   Code   RO         1502    i.I2C_ReceiveData   stm32f4xx_i2c.o
    0x080026fe   0x00000010   Code   RO         1504    i.I2C_Send7bitAddress  stm32f4xx_i2c.o
    0x0800270e   0x00000004   Code   RO         1505    i.I2C_SendData      stm32f4xx_i2c.o
    0x08002712   0x00000012   Code   RO         1977    i.I2S_Cmd           stm32f4xx_spi.o
    0x08002724   0x000000f4   Code   RO         1979    i.I2S_Init          stm32f4xx_spi.o
    0x08002818   0x00000008   Code   RO          643    i.LCD_clear_display  lcd.o
    0x08002820   0x00000064   Code   RO          644    i.LCD_init          lcd.o
    0x08002884   0x0000001a   Code   RO          645    i.LCD_place_cursor  lcd.o
    0x0800289e   0x00000002   PAD
    0x080028a0   0x00000020   Code   RO          646    i.LCD_port_init     lcd.o
    0x080028c0   0x00000034   Code   RO          649    i.LCD_write_float   lcd.o
    0x080028f4   0x00000098   Code   RO          651    i.LCD_write_string  lcd.o
    0x0800298c   0x00000002   Code   RO          182    i.MemManage_Handler  stm32f4xx_it.o
    0x0800298e   0x00000002   Code   RO          183    i.NMI_Handler       stm32f4xx_it.o
    0x08002990   0x00000070   Code   RO         1021    i.NVIC_Init         misc.o
    0x08002a00   0x00000014   Code   RO         1022    i.NVIC_PriorityGroupConfig  misc.o
    0x08002a14   0x00000002   Code   RO          184    i.PendSV_Handler    stm32f4xx_it.o
    0x08002a16   0x00000002   PAD
    0x08002a18   0x00000018   Code   RO         1693    i.RCC_AHB1PeriphClockCmd  stm32f4xx_rcc.o
    0x08002a30   0x00000018   Code   RO         1702    i.RCC_APB1PeriphClockCmd  stm32f4xx_rcc.o
    0x08002a48   0x00000018   Code   RO         1704    i.RCC_APB1PeriphResetCmd  stm32f4xx_rcc.o
    0x08002a60   0x00000018   Code   RO         1705    i.RCC_APB2PeriphClockCmd  stm32f4xx_rcc.o
    0x08002a78   0x00000018   Code   RO         1707    i.RCC_APB2PeriphResetCmd  stm32f4xx_rcc.o
    0x08002a90   0x000000a8   Code   RO         1714    i.RCC_GetClocksFreq  stm32f4xx_rcc.o
    0x08002b38   0x00000064   Code   RO          401    i.SPI2_IRQHandler   microphone.o
    0x08002b9c   0x00000040   Code   RO          921    i.SPI3_IRQHandler   stm32f4_discovery_audio_codec.o
    0x08002bdc   0x00000010   Code   RO         1989    i.SPI_I2S_DMACmd    stm32f4xx_spi.o
    0x08002bec   0x0000005c   Code   RO         1990    i.SPI_I2S_DeInit    stm32f4xx_spi.o
    0x08002c48   0x0000000e   Code   RO         1991    i.SPI_I2S_GetFlagStatus  stm32f4xx_spi.o
    0x08002c56   0x0000002e   Code   RO         1992    i.SPI_I2S_GetITStatus  stm32f4xx_spi.o
    0x08002c84   0x0000001a   Code   RO         1993    i.SPI_I2S_ITConfig  stm32f4xx_spi.o
    0x08002c9e   0x00000004   Code   RO         1994    i.SPI_I2S_ReceiveData  stm32f4xx_spi.o
    0x08002ca2   0x00000004   Code   RO         1995    i.SPI_I2S_SendData  stm32f4xx_spi.o
    0x08002ca6   0x00000002   PAD
    0x08002ca8   0x0000004c   Code   RO          847    i.STM_EVAL_LEDInit  stm32f4_discovery.o
    0x08002cf4   0x00000018   Code   RO          848    i.STM_EVAL_LEDOff   stm32f4_discovery.o
    0x08002d0c   0x00000018   Code   RO          849    i.STM_EVAL_LEDOn    stm32f4_discovery.o
    0x08002d24   0x0000001c   Code   RO          850    i.STM_EVAL_LEDToggle  stm32f4_discovery.o
    0x08002d40   0x000000a4   Code   RO          852    i.STM_EVAL_PBInit   stm32f4_discovery.o
    0x08002de4   0x00000002   Code   RO          185    i.SVC_Handler       stm32f4xx_it.o
    0x08002de6   0x0000002e   Code   RO         1072    i.SYSCFG_EXTILineConfig  stm32f4xx_syscfg.o
    0x08002e14   0x00000014   Code   RO          186    i.SysTick_Handler   stm32f4xx_it.o
    0x08002e28   0x0000012c   Code   RO          270    i.SystemInit        system_stm32f4xx.o
    0x08002f54   0x00000012   Code   RO         2535    i.TIM_Cmd           stm32f4xx_tim.o
    0x08002f66   0x00000182   Code   RO         2540    i.TIM_DeInit        stm32f4xx_tim.o
    0x080030e8   0x00000010   Code   RO         2593    i.TIM_SelectOutputTrigger  stm32f4xx_tim.o
    0x080030f8   0x00000080   Code   RO         2607    i.TIM_TimeBaseInit  stm32f4xx_tim.o
    0x08003178   0x00000020   Code   RO          512    i.TimeTick_Decrement  delay.o
    0x08003198   0x00000002   Code   RO          187    i.UsageFault_Handler  stm32f4xx_it.o
    0x0800319a   0x00000002   PAD
    0x0800319c   0x000000a4   Code   RO          310    i.WavePlayBack      headphone.o
    0x08003240   0x0000003c   Code   RO          402    i.WaveRecorderBeginSampling  microphone.o
    0x0800327c   0x00000080   Code   RO          312    i.WaveRecorderCallback  headphone.o
    0x080032fc   0x0000012c   Code   RO          403    i.WaveRecorderInit  microphone.o
    0x08003428   0x00000028   Code   RO         3585    i.__0sprintf        mc_w.l(printfa.o)
    0x08003450   0x00000118   Code   RO         3327    i.__hardfp_ceil     m_wm.l(ceil.o)
    0x08003568   0x00000014   Code   RO         3333    i.__hardfp_fabs     m_wm.l(fabs.o)
    0x0800357c   0x00000004   PAD
    0x08003580   0x000000e0   Code   RO         3339    i.__hardfp_round    m_wm.l(round.o)
    0x08003660   0x0000000e   Code   RO         3713    i.__scatterload_copy  mc_w.l(handlers.o)
    0x0800366e   0x00000002   Code   RO         3714    i.__scatterload_null  mc_w.l(handlers.o)
    0x08003670   0x0000000e   Code   RO         3715    i.__scatterload_zeroinit  mc_w.l(handlers.o)
    0x0800367e   0x00000016   Code   RO          571    i._bitcount         dywapitchtrack.o
    0x08003694   0x00000004   PAD
    0x08003698   0x00000638   Code   RO          573    i._dywapitch_computeWaveletPitch  dywapitchtrack.o
    0x08003cd0   0x00000200   Code   RO          574    i._dywapitch_dynamicprocess  dywapitchtrack.o
    0x08003ed0   0x00000164   Code   RO         3590    i._fp_digits        mc_w.l(printfa.o)
    0x08004034   0x00000018   Code   RO          577    i._power2p          dywapitchtrack.o
    0x0800404c   0x000006dc   Code   RO         3591    i._printf_core      mc_w.l(printfa.o)
    0x08004728   0x00000024   Code   RO         3592    i._printf_post_padding  mc_w.l(printfa.o)
    0x0800474c   0x0000002e   Code   RO         3593    i._printf_pre_padding  mc_w.l(printfa.o)
    0x0800477a   0x0000000a   Code   RO         3595    i._sputc            mc_w.l(printfa.o)
    0x08004784   0x0000011c   Code   RO          744    i.bartlett          psola.o
    0x080048a0   0x00000204   Code   RO          745    i.changePitch       psola.o
    0x08004aa4   0x00000020   Code   RO          515    i.delay_nms         delay.o
    0x08004ac4   0x00000010   Code   RO          516    i.delay_nus         delay.o
    0x08004ad4   0x0000001c   Code   RO          578    i.dywapitch_computepitch  dywapitchtrack.o
    0x08004af0   0x00000018   Code   RO          579    i.dywapitch_inittracking  dywapitchtrack.o
    0x08004b08   0x0000016c   Code   RO          313    i.fill_buffer       headphone.o
    0x08004c74   0x00000050   Code   RO         3611    i.free              mc_w.l(malloc.o)
    0x08004cc4   0x00000158   Code   RO          792    i.initAudioIn       adc.o
    0x08004e1c   0x000000c8   Code   RO            4    i.main              main.o
    0x08004ee4   0x0000006c   Code   RO         3612    i.malloc            mc_w.l(malloc.o)
    0x08004f50   0x00000110   Code   RO          314    i.printPitch        headphone.o
    0x08005060   0x0000006c   Code   RO          653    i.send_CMD          lcd.o
    0x080050cc   0x00000068   Code   RO          654    i.send_CMD_BF       lcd.o
    0x08005134   0x00000050   Code   RO          655    i.waitForLCDReady   lcd.o
    0x08005184   0x00000024   Data   RO          853    .constdata          stm32f4_discovery.o
    0x080051a8   0x00000020   Data   RO         3711    Region$$Table       anon$$obj.o


    Execution Region RW_IRAM1 (Base: 0x20000000, Size: 0x0001f4f8, Max: 0x00020000, ABSOLUTE, COMPRESSED[0x0000024c])

    Base Addr    Size         Type   Attr      Idx    E Section Name        Object

    0x20000000   0x00000004   Data   RW          188    .data               stm32f4xx_it.o
    0x20000004   0x00000018   Data   RW          316    .data               headphone.o
    0x2000001c   0x00000014   Data   RW          406    .data               microphone.o
    0x20000030   0x0000000c   Data   RW          518    .data               delay.o
    0x2000003c   0x00000004   Data   RW          581    .data               dywapitchtrack.o
    0x20000040   0x00000004   Data   RW          747    .data               psola.o
    0x20000044   0x00000014   Data   RW          854    .data               stm32f4_discovery.o
    0x20000058   0x00000040   Data   RW          924    .data               stm32f4_discovery_audio_codec.o
    0x20000098   0x00000010   Data   RW         1737    .data               stm32f4xx_rcc.o
    0x200000a8   0x00000304   Data   RW         3135    .data               libPDMFilter_Keil.lib(pdm_filter.o)
    0x200003ac   0x00000004   Data   RW         3696    .data               mc_w.l(mvars.o)
    0x200003b0   0x00000004   Data   RW         3697    .data               mc_w.l(mvars.o)
    0x200003b4   0x00000010   Zero   RW            5    .bss                main.o
    0x200003c4   0x00000004   PAD
    0x200003c8   0x00007420   Zero   RW          315    .bss                headphone.o
    0x200077e8   0x000000d4   Zero   RW          405    .bss                microphone.o
    0x200078bc   0x00002800   Zero   RW          746    .bss                psola.o
    0x2000a0bc   0x0000003c   Zero   RW          922    .bss                stm32f4_discovery_audio_codec.o
    0x2000a0f8   0x00015000   Zero   RW         3062    HEAP                startup_stm32f4xx.o
    0x2001f0f8   0x00000400   Zero   RW         3061    STACK               startup_stm32f4xx.o


==============================================================================

Image component sizes


      Code (inc. data)   RO Data    RW Data    ZI Data      Debug   Object Name

       388         24          0          0          0       2215   adc.o
        80         14          0         12          0       2265   delay.o
      2202        148          0          4          0       9853   dywapitchtrack.o
       996        158          0         24      29728       6444   headphone.o
       662         48          0          0          0       6255   lcd.o
       200         36          0          0         16     333477   main.o
       460         64          0         20        212       4039   microphone.o
       132         12          0          0          0       1935   misc.o
       800         30          0          4      10240       4691   psola.o
        36          8        392          0      87040        972   startup_stm32f4xx.o
       316         60         36         20          0       4822   stm32f4_discovery.o
      2168        158          0         64         60      10954   stm32f4_discovery_audio_codec.o
       352         12          0          0          0       6544   stm32f4xx_adc.o
       102          8          0          0          0       2943   stm32f4xx_dac.o
       842        164          0          0          0       9166   stm32f4xx_dma.o
       188         24          0          0          0       2612   stm32f4xx_exti.o
       188          0          0          0          0       2867   stm32f4xx_gpio.o
       460          8          0          0          0       9545   stm32f4xx_i2c.o
        92          4          0          4          0       6443   stm32f4xx_it.o
       288         48          0         16          0       6753   stm32f4xx_rcc.o
       464         20          0          0          0       7813   stm32f4xx_spi.o
        46          0          0          0          0        760   stm32f4xx_syscfg.o
       548         10          0          0          0       5459   stm32f4xx_tim.o
       300         46          0          0          0       1313   system_stm32f4xx.o

    ----------------------------------------------------------------------
     12334       1104        460        168     127300     450140   Object Totals
         0          0         32          0          0          0   (incl. Generated)
        24          0          0          0          4          0   (incl. Padding)

    ----------------------------------------------------------------------

      Code (inc. data)   RO Data    RW Data    ZI Data      Debug   Library Member Name

      3068         54          0        772          0        268   pdm_filter.o
       280         28          0          0          0        156   ceil.o
        20          0          0          0          0        124   fabs.o
       224         30          0          0          0        172   round.o
        86          0          0          0          0          0   __dczerorl2.o
         0          0          0          0          0          0   entry.o
         0          0          0          0          0          0   entry10a.o
         0          0          0          0          0          0   entry11a.o
         8          4          0          0          0          0   entry2.o
         4          0          0          0          0          0   entry5.o
         0          0          0          0          0          0   entry7b.o
         0          0          0          0          0          0   entry8b.o
         8          4          0          0          0          0   entry9a.o
        30          0          0          0          0          0   handlers.o
        36          8          0          0          0         68   init.o
         0          0          0          0          0          0   iusefp.o
        30          0          0          0          0         68   llshl.o
        36          0          0          0          0         68   llsshr.o
        32          0          0          0          0         68   llushr.o
       188         20          0          0          0        160   malloc.o
        36          0          0          0          0        108   memseta.o
         0          0          0          8          0          0   mvars.o
      2244         86          0          0          0        512   printfa.o
        14          0          0          0          0         68   strlen.o
        44          0          0          0          0         80   uidiv.o
        98          0          0          0          0         92   uldiv.o
        48          0          0          0          0         68   cdcmple.o
        48          0          0          0          0         68   cdrcmple.o
        56          0          0          0          0         88   d2f.o
       334          0          0          0          0        148   dadd.o
       222          0          0          0          0        100   ddiv.o
       186          0          0          0          0        176   depilogue.o
        62          0          0          0          0         80   dfixi.o
        50          0          0          0          0         76   dfixui.o
        48          0          0          0          0         68   dfixul.o
        34          0          0          0          0         76   dflti.o
        26          0          0          0          0         76   dfltui.o
       228          0          0          0          0         96   dmul.o
       136          4          0          0          0         92   drnd.o
        38          0          0          0          0         68   f2d.o
       110          0          0          0          0        168   fepilogue.o
        24          0          0          0          0         68   fscalb.o

    ----------------------------------------------------------------------
      8142        238          0        780          0       3528   Library Totals
         6          0          0          0          0          0   (incl. Padding)

    ----------------------------------------------------------------------

      Code (inc. data)   RO Data    RW Data    ZI Data      Debug   Library Name

      3068         54          0        772          0        268   libPDMFilter_Keil.lib
       524         58          0          0          0        452   m_wm.l
      2894        122          0          8          0       1292   mc_w.l
      1650          4          0          0          0       1516   mf_w.l

    ----------------------------------------------------------------------
      8142        238          0        780          0       3528   Library Totals

    ----------------------------------------------------------------------

==============================================================================


      Code (inc. data)   RO Data    RW Data    ZI Data      Debug   

     20476       1342        460        948     127300     441192   Grand Totals
     20476       1342        460        588     127300     441192   ELF Image Totals (compressed)
     20476       1342        460        588          0          0   ROM Totals

==============================================================================

    Total RO  Size (Code + RO Data)                20936 (  20.45kB)
    Total RW  Size (RW Data + ZI Data)            128248 ( 125.24kB)
    Total ROM Size (Code + RO Data + RW Data)      21524 (  21.02kB)

==============================================================================

